Component: ARM Compiler 5.05 update 1 (build 106) Tool: armlink [4d0efa]

==============================================================================

Section Cross References

    main.o(i.main) refers to task_sysinit.o(i.Task_Sys_Init) for Task_Sys_Init
    main.o(i.main) refers to task_userinit.o(i.Task_UserInit) for Task_UserInit
    main.o(i.main) refers to usercode.o(i.UserLogic_Code) for UserLogic_Code
    usercode.o(i.UserLogic_Code) refers to _scanf_str.o(.text) for _scanf_string
    usercode.o(i.UserLogic_Code) refers to printfa.o(i.__0printf) for __2printf
    usercode.o(i.UserLogic_Code) refers to memseta.o(.text) for __aeabi_memclr
    usercode.o(i.UserLogic_Code) refers to __0sscanf.o(.text) for __0sscanf
    usercode.o(i.UserLogic_Code) refers to drv_hal_uart.o(i.Drv_Uart_Transmit_DMA) for Drv_Uart_Transmit_DMA
    usercode.o(i.UserLogic_Code) refers to strcmp.o(.text) for strcmp
    usercode.o(i.UserLogic_Code) refers to strtof.o(i.strtof) for strtof
    usercode.o(i.UserLogic_Code) refers to f2d.o(.text) for __aeabi_f2d
    usercode.o(i.UserLogic_Code) refers to algo_pid.o(i.Algo_PID_Calculate) for Algo_PID_Calculate
    usercode.o(i.UserLogic_Code) refers to cfrcmple.o(.text) for __aeabi_cfrcmple
    usercode.o(i.UserLogic_Code) refers to task_motorsys.o(i.Motor_Forward) for Motor_Forward
    usercode.o(i.UserLogic_Code) refers to cfcmple.o(.text) for __aeabi_cfcmple
    usercode.o(i.UserLogic_Code) refers to task_motorsys.o(i.Motor_Backward) for Motor_Backward
    usercode.o(i.UserLogic_Code) refers to task_motorsys.o(i.Motor_Stop) for Motor_Stop
    usercode.o(i.UserLogic_Code) refers to fadd.o(.text) for __aeabi_fadd
    usercode.o(i.UserLogic_Code) refers to ffixui.o(.text) for __aeabi_f2uiz
    usercode.o(i.UserLogic_Code) refers to task_motorsys.o(i.Motor_SetSpeed) for Motor_SetSpeed
    usercode.o(i.UserLogic_Code) refers to usercode.o(.data) for Num
    usercode.o(i.UserLogic_Code) refers to usercode.o(.bss) for Analysis
    usercode.o(i.UserLogic_Code) refers to config.o(.data) for demoUart
    task_irq.o(i.DMA1_Channel2_IRQHandler) refers to drv_hal_uart.o(i.Drv_Uart_DMA_IRQHandler) for Drv_Uart_DMA_IRQHandler
    task_irq.o(i.DMA1_Channel2_IRQHandler) refers to config.o(.data) for demoUart
    task_irq.o(i.HAL_UART_TxCpltCallback) refers to drv_hal_uart.o(i.Drv_Uart_DMA_TxHandler) for Drv_Uart_DMA_TxHandler
    task_irq.o(i.HAL_UART_TxCpltCallback) refers to config.o(.data) for demoUart
    task_irq.o(i.TIM2_IRQHandler) refers to drv_hal_timer.o(i.Drv_Timer_IRQHandler) for Drv_Timer_IRQHandler
    task_irq.o(i.TIM2_IRQHandler) refers to ocd_mpu6050.o(i.OCD_MPU6050_GetData) for OCD_MPU6050_GetData
    task_irq.o(i.TIM2_IRQHandler) refers to config.o(.data) for tTimer2
    task_irq.o(i.TIM2_IRQHandler) refers to task_mpu6050.o(.data) for mpu6050_pending
    task_irq.o(i.TIM3_IRQHandler) refers to drv_hal_timer.o(i.Drv_Timer_IRQHandler) for Drv_Timer_IRQHandler
    task_irq.o(i.TIM3_IRQHandler) refers to ocd_mpu6050.o(i.OCD_MPU6050_DataConversion) for OCD_MPU6050_DataConversion
    task_irq.o(i.TIM3_IRQHandler) refers to fadd.o(.text) for __aeabi_fsub
    task_irq.o(i.TIM3_IRQHandler) refers to config.o(.data) for tTimer3
    task_irq.o(i.TIM3_IRQHandler) refers to task_mpu6050.o(.data) for mpu6050_pending
    task_irq.o(i.USART3_IRQHandler) refers to drv_hal_uart.o(i.Drv_Uart_IRQHandler) for Drv_Uart_IRQHandler
    task_irq.o(i.USART3_IRQHandler) refers to drv_hal_uart.o(i.Drv_Uart_DMA_RxHandler) for Drv_Uart_DMA_RxHandler
    task_irq.o(i.USART3_IRQHandler) refers to drv_hal_uart.o(i.Drv_Uart_Receive_DMA) for Drv_Uart_Receive_DMA
    task_irq.o(i.USART3_IRQHandler) refers to config.o(.data) for demoUart
    task_irq.o(i.USART3_IRQHandler) refers to usercode.o(.bss) for ReceBuf
    task_irq.o(i.USART3_IRQHandler) refers to usercode.o(.data) for Num
    task_sysinit.o(i.Task_Sys_Init) refers to drv_hal.o(i.Drv_HAL_Init) for Drv_HAL_Init
    task_userinit.o(i.Task_UserInit) refers to drv_hal_gpio.o(i.Drv_GPIO_Init) for Drv_GPIO_Init
    task_userinit.o(i.Task_UserInit) refers to drv_hal_uart.o(i.Drv_Uart_ITInit) for Drv_Uart_ITInit
    task_userinit.o(i.Task_UserInit) refers to ocd_oled.o(i.OCD_OLED_Init) for OCD_OLED_Init
    task_userinit.o(i.Task_UserInit) refers to drv_hal_pwm.o(i.Drv_PWM_Init) for Drv_PWM_Init
    task_userinit.o(i.Task_UserInit) refers to task_mpu6050.o(i.Task_MPU6050_Init) for Task_MPU6050_Init
    task_userinit.o(i.Task_UserInit) refers to drv_hal_uart.o(i.Drv_Uart_DMAInit) for Drv_Uart_DMAInit
    task_userinit.o(i.Task_UserInit) refers to drv_hal_timer.o(i.Drv_Timer_Init) for Drv_Timer_Init
    task_userinit.o(i.Task_UserInit) refers to drv_hal_timer.o(i.Drv_Timer_Enable) for Drv_Timer_Enable
    task_userinit.o(i.Task_UserInit) refers to algo_pid.o(i.Algo_PID_Init) for Algo_PID_Init
    task_userinit.o(i.Task_UserInit) refers to config.o(.data) for demoGPIO
    task_motorsys.o(i.Motor_Backward) refers to drv_hal_gpio.o(i.Drv_GPIO_Set) for Drv_GPIO_Set
[...]
    S_IICSoft_SDA_InputMode                  0x08004331   Thumb Code    38  drv_hal_iic_soft.o(i.S_IICSoft_SDA_InputMode)
    i.S_IICSoft_SDA_L                        0x08004356   Section        0  drv_hal_iic_soft.o(i.S_IICSoft_SDA_L)
    S_IICSoft_SDA_L                          0x08004357   Thumb Code    18  drv_hal_iic_soft.o(i.S_IICSoft_SDA_L)
    i.S_IICSoft_SDA_OutputMode               0x08004368   Section        0  drv_hal_iic_soft.o(i.S_IICSoft_SDA_OutputMode)
    S_IICSoft_SDA_OutputMode                 0x08004369   Thumb Code    40  drv_hal_iic_soft.o(i.S_IICSoft_SDA_OutputMode)
    i.S_IICSoft_SendAck                      0x08004390   Section        0  drv_hal_iic_soft.o(i.S_IICSoft_SendAck)
    S_IICSoft_SendAck                        0x08004391   Thumb Code    48  drv_hal_iic_soft.o(i.S_IICSoft_SendAck)
    i.S_IICSoft_SendNAck                     0x080043c0   Section        0  drv_hal_iic_soft.o(i.S_IICSoft_SendNAck)
    S_IICSoft_SendNAck                       0x080043c1   Thumb Code    48  drv_hal_iic_soft.o(i.S_IICSoft_SendNAck)
    i.S_MPU6050_Read                         0x080043f0   Section        0  ocd_mpu6050.o(i.S_MPU6050_Read)
    S_MPU6050_Read                           0x080043f1   Thumb Code    86  ocd_mpu6050.o(i.S_MPU6050_Read)
    i.S_MPU6050_Write                        0x08004446   Section        0  ocd_mpu6050.o(i.S_MPU6050_Write)
    S_MPU6050_Write                          0x08004447   Thumb Code    64  ocd_mpu6050.o(i.S_MPU6050_Write)
    i.S_OLED_Pow                             0x08004486   Section        0  ocd_oled.o(i.S_OLED_Pow)
    S_OLED_Pow                               0x08004487   Thumb Code    22  ocd_oled.o(i.S_OLED_Pow)
    i.S_OLED_WR_Byte                         0x0800449c   Section        0  ocd_oled.o(i.S_OLED_WR_Byte)
    S_OLED_WR_Byte                           0x0800449d   Thumb Code    76  ocd_oled.o(i.S_OLED_WR_Byte)
    i.S_PWM_CLKEnable                        0x080044e8   Section        0  drv_hal_pwm.o(i.S_PWM_CLKEnable)
    S_PWM_CLKEnable                          0x080044e9   Thumb Code   220  drv_hal_pwm.o(i.S_PWM_CLKEnable)
    i.S_PWM_GPIOConfig                       0x080045dc   Section        0  drv_hal_pwm.o(i.S_PWM_GPIOConfig)
    S_PWM_GPIOConfig                         0x080045dd   Thumb Code   540  drv_hal_pwm.o(i.S_PWM_GPIOConfig)
    i.S_PWM_ParamMatch                       0x08004810   Section        0  drv_hal_pwm.o(i.S_PWM_ParamMatch)
    S_PWM_ParamMatch                         0x08004811   Thumb Code  2444  drv_hal_pwm.o(i.S_PWM_ParamMatch)
    i.S_PWM_PramConfig                       0x08005398   Section        0  drv_hal_pwm.o(i.S_PWM_PramConfig)
    S_PWM_PramConfig                         0x08005399   Thumb Code   146  drv_hal_pwm.o(i.S_PWM_PramConfig)
    i.S_TIM_CLKEnable                        0x08005450   Section        0  drv_hal_timer.o(i.S_TIM_CLKEnable)
    S_TIM_CLKEnable                          0x08005451   Thumb Code   292  drv_hal_timer.o(i.S_TIM_CLKEnable)
    i.S_TIM_NVICConfig                       0x08005594   Section        0  drv_hal_timer.o(i.S_TIM_NVICConfig)
    S_TIM_NVICConfig                         0x08005595   Thumb Code   184  drv_hal_timer.o(i.S_TIM_NVICConfig)
    i.S_TIM_ParamMatch                       0x08005660   Section        0  drv_hal_timer.o(i.S_TIM_ParamMatch)
    S_TIM_ParamMatch                         0x08005661   Thumb Code   330  drv_hal_timer.o(i.S_TIM_ParamMatch)
    i.S_TIM_PramConfig                       0x080057c8   Section        0  drv_hal_timer.o(i.S_TIM_PramConfig)
    S_TIM_PramConfig                         0x080057c9   Thumb Code    28  drv_hal_timer.o(i.S_TIM_PramConfig)
    i.S_Uart_CLKConfig                       0x08005804   Section        0  drv_hal_uart.o(i.S_Uart_CLKConfig)
    S_Uart_CLKConfig                         0x08005805   Thumb Code     2  drv_hal_uart.o(i.S_Uart_CLKConfig)
    i.S_Uart_CLKEnable                       0x08005808   Section        0  drv_hal_uart.o(i.S_Uart_CLKEnable)
    S_Uart_CLKEnable                         0x08005809   Thumb Code   184  drv_hal_uart.o(i.S_Uart_CLKEnable)
    i.S_Uart_DMAParamConfig                  0x080058d8   Section        0  drv_hal_uart.o(i.S_Uart_DMAParamConfig)
    S_Uart_DMAParamConfig                    0x080058d9   Thumb Code    58  drv_hal_uart.o(i.S_Uart_DMAParamConfig)
    i.S_Uart_DMA_CLKEnable                   0x08005934   Section        0  drv_hal_uart.o(i.S_Uart_DMA_CLKEnable)
    S_Uart_DMA_CLKEnable                     0x08005935   Thumb Code   170  drv_hal_uart.o(i.S_Uart_DMA_CLKEnable)
    i.S_Uart_DMA_NVICConfig                  0x08005a18   Section        0  drv_hal_uart.o(i.S_Uart_DMA_NVICConfig)
    S_Uart_DMA_NVICConfig                    0x08005a19   Thumb Code   258  drv_hal_uart.o(i.S_Uart_DMA_NVICConfig)
    i.S_Uart_GPIOConfig                      0x08005b2c   Section        0  drv_hal_uart.o(i.S_Uart_GPIOConfig)
    S_Uart_GPIOConfig                        0x08005b2d   Thumb Code   338  drv_hal_uart.o(i.S_Uart_GPIOConfig)
    i.S_Uart_NVICConfig                      0x08005c94   Section        0  drv_hal_uart.o(i.S_Uart_NVICConfig)
    S_Uart_NVICConfig                        0x08005c95   Thumb Code   154  drv_hal_uart.o(i.S_Uart_NVICConfig)
    i.S_Uart_ParamConfig                     0x08005d44   Section        0  drv_hal_uart.o(i.S_Uart_ParamConfig)
    S_Uart_ParamConfig                       0x08005d45   Thumb Code    22  drv_hal_uart.o(i.S_Uart_ParamConfig)
    i.S_Uart_ParamMatch                      0x08005d7c   Section        0  drv_hal_uart.o(i.S_Uart_ParamMatch)
    S_Uart_ParamMatch                        0x08005d7d   Thumb Code   792  drv_hal_uart.o(i.S_Uart_ParamMatch)
    i.SysTick_Handler                        0x080060c0   Section        0  drv_hal.o(i.SysTick_Handler)
    i.SystemInit                             0x080060c8   Section        0  system_stm32f1xx.o(i.SystemInit)
    i.TIM2_IRQHandler                        0x080060cc   Section        0  task_irq.o(i.TIM2_IRQHandler)
    i.TIM3_IRQHandler                        0x080060fc   Section        0  task_irq.o(i.TIM3_IRQHandler)
    i.TIM4_IRQHandler                        0x08006170   Section        0  task_irq.o(i.TIM4_IRQHandler)
    i.TIM5_IRQHandler                        0x08006172   Section        0  task_irq.o(i.TIM5_IRQHandler)
    i.TIM6_IRQHandler                        0x08006174   Section        0  task_irq.o(i.TIM6_IRQHandler)
    i.TIM7_IRQHandler                        0x08006176   Section        0  task_irq.o(i.TIM7_IRQHandler)
    i.TIM_Base_SetConfig                     0x08006178   Section        0  stm32f1xx_hal_tim.o(i.TIM_Base_SetConfig)
    i.TIM_CCxChannelCmd                      0x08006214   Section        0  stm32f1xx_hal_tim.o(i.TIM_CCxChannelCmd)
    i.TIM_OC1_SetConfig                      0x08006238   Section        0  stm32f1xx_hal_tim.o(i.TIM_OC1_SetConfig)
    TIM_OC1_SetConfig                        0x08006239   Thumb Code   104  stm32f1xx_hal_tim.o(i.TIM_OC1_SetConfig)
    i.TIM_OC2_SetConfig                      0x080062a8   Section        0  stm32f1xx_hal_tim.o(i.TIM_OC2_SetConfig)
    i.TIM_OC3_SetConfig                      0x08006324   Section        0  stm32f1xx_hal_tim.o(i.TIM_OC3_SetConfig)
    TIM_OC3_SetConfig                        0x08006325   Thumb Code   112  stm32f1xx_hal_tim.o(i.TIM_OC3_SetConfig)
    i.TIM_OC4_SetConfig                      0x0800639c   Section        0  stm32f1xx_hal_tim.o(i.TIM_OC4_SetConfig)
    TIM_OC4_SetConfig                        0x0800639d   Thumb Code    74  stm32f1xx_hal_tim.o(i.TIM_OC4_SetConfig)
    i.Task_MPU6050_Init                      0x080063f0   Section        0  task_mpu6050.o(i.Task_MPU6050_Init)
    i.Task_Sys_Init                          0x08006488   Section        0  task_sysinit.o(i.Task_Sys_Init)
    i.Task_UserInit                          0x08006490   Section        0  task_userinit.o(i.Task_UserInit)
    i.UART4_IRQHandler                       0x080064f4   Section        0  task_irq.o(i.UART4_IRQHandler)
    i.UART5_IRQHandler                       0x080064f6   Section        0  task_irq.o(i.UART5_IRQHandler)
    i.UART_DMAAbortOnError                   0x080064f8   Section        0  stm32f1xx_hal_uart.o(i.UART_DMAAbortOnError)
    UART_DMAAbortOnError                     0x080064f9   Thumb Code    20  stm32f1xx_hal_uart.o(i.UART_DMAAbortOnError)
    i.UART_DMAError                          0x0800650c   Section        0  stm32f1xx_hal_uart.o(i.UART_DMAError)
    UART_DMAError                            0x0800650d   Thumb Code    80  stm32f1xx_hal_uart.o(i.UART_DMAError)
    i.UART_DMAReceiveCplt                    0x0800655c   Section        0  stm32f1xx_hal_uart.o(i.UART_DMAReceiveCplt)
    UART_DMAReceiveCplt                      0x0800655d   Thumb Code    70  stm32f1xx_hal_uart.o(i.UART_DMAReceiveCplt)
    i.UART_DMARxHalfCplt                     0x080065a2   Section        0  stm32f1xx_hal_uart.o(i.UART_DMARxHalfCplt)
    UART_DMARxHalfCplt                       0x080065a3   Thumb Code    14  stm32f1xx_hal_uart.o(i.UART_DMARxHalfCplt)
    i.UART_DMATransmitCplt                   0x080065b0   Section        0  stm32f1xx_hal_uart.o(i.UART_DMATransmitCplt)
    UART_DMATransmitCplt                     0x080065b1   Thumb Code    54  stm32f1xx_hal_uart.o(i.UART_DMATransmitCplt)
    i.UART_DMATxHalfCplt                     0x080065e6   Section        0  stm32f1xx_hal_uart.o(i.UART_DMATxHalfCplt)
    UART_DMATxHalfCplt                       0x080065e7   Thumb Code    14  stm32f1xx_hal_uart.o(i.UART_DMATxHalfCplt)
    i.UART_EndRxTransfer                     0x080065f4   Section        0  stm32f1xx_hal_uart.o(i.UART_EndRxTransfer)
    UART_EndRxTransfer                       0x080065f5   Thumb Code    32  stm32f1xx_hal_uart.o(i.UART_EndRxTransfer)
    i.UART_EndTransmit_IT                    0x08006614   Section        0  stm32f1xx_hal_uart.o(i.UART_EndTransmit_IT)
    UART_EndTransmit_IT                      0x08006615   Thumb Code    32  stm32f1xx_hal_uart.o(i.UART_EndTransmit_IT)
    i.UART_EndTxTransfer                     0x08006634   Section        0  stm32f1xx_hal_uart.o(i.UART_EndTxTransfer)
    UART_EndTxTransfer                       0x08006635   Thumb Code    20  stm32f1xx_hal_uart.o(i.UART_EndTxTransfer)
    i.UART_Receive_IT                        0x08006648   Section        0  stm32f1xx_hal_uart.o(i.UART_Receive_IT)
    UART_Receive_IT                          0x08006649   Thumb Code   160  stm32f1xx_hal_uart.o(i.UART_Receive_IT)
    i.UART_SetConfig                         0x080066e8   Section        0  stm32f1xx_hal_uart.o(i.UART_SetConfig)
    UART_SetConfig                           0x080066e9   Thumb Code   248  stm32f1xx_hal_uart.o(i.UART_SetConfig)
    i.UART_Transmit_IT                       0x080067e4   Section        0  stm32f1xx_hal_uart.o(i.UART_Transmit_IT)
    UART_Transmit_IT                         0x080067e5   Thumb Code    96  stm32f1xx_hal_uart.o(i.UART_Transmit_IT)
    i.USART1_IRQHandler                      0x08006844   Section        0  task_irq.o(i.USART1_IRQHandler)
    i.USART2_IRQHandler                      0x08006846   Section        0  task_irq.o(i.USART2_IRQHandler)
    i.USART3_IRQHandler                      0x08006848   Section        0  task_irq.o(i.USART3_IRQHandler)
    i.UsageFault_Handler                     0x08006878   Section        0  drv_hal.o(i.UsageFault_Handler)
    i.UserLogic_Code                         0x0800687c   Section        0  usercode.o(i.UserLogic_Code)
    i.__0printf                              0x080069ec   Section        0  printfa.o(i.__0printf)
    i.__ARM_fpclassify                       0x08006a0c   Section        0  fpclassify.o(i.__ARM_fpclassify)
    i.__NVIC_GetPriorityGrouping             0x08006a34   Section        0  stm32f1xx_hal_cortex.o(i.__NVIC_GetPriorityGrouping)
    __NVIC_GetPriorityGrouping               0x08006a35   Thumb Code    10  stm32f1xx_hal_cortex.o(i.__NVIC_GetPriorityGrouping)
    i.__NVIC_SetPriority                     0x08006a44   Section        0  stm32f1xx_hal_cortex.o(i.__NVIC_SetPriority)
    __NVIC_SetPriority                       0x08006a45   Thumb Code    32  stm32f1xx_hal_cortex.o(i.__NVIC_SetPriority)
    i.__kernel_poly                          0x08006a6c   Section        0  poly.o(i.__kernel_poly)
    i.__mathlib_dbl_infnan                   0x08006b16   Section        0  dunder.o(i.__mathlib_dbl_infnan)
    i.__mathlib_dbl_infnan2                  0x08006b1c   Section        0  dunder.o(i.__mathlib_dbl_infnan2)
    i.__mathlib_dbl_underflow                0x08006b20   Section        0  dunder.o(i.__mathlib_dbl_underflow)
    i.__scatterload_copy                     0x08006b30   Section       14  handlers.o(i.__scatterload_copy)
    i.__scatterload_null                     0x08006b3e   Section        2  handlers.o(i.__scatterload_null)
    i.__scatterload_zeroinit                 0x08006b40   Section       14  handlers.o(i.__scatterload_zeroinit)
    i._fp_digits                             0x08006b50   Section        0  printfa.o(i._fp_digits)
    _fp_digits                               0x08006b51   Thumb Code   334  printfa.o(i._fp_digits)
    i._is_digit                              0x08006cb4   Section        0  scanf_fp.o(i._is_digit)
    i._printf_core                           0x08006cc4   Section        0  printfa.o(i._printf_core)
    _printf_core                             0x08006cc5   Thumb Code  1744  printfa.o(i._printf_core)
    i._printf_post_padding                   0x080073a0   Section        0  printfa.o(i._printf_post_padding)
    _printf_post_padding                     0x080073a1   Thumb Code    36  printfa.o(i._printf_post_padding)
    i._printf_pre_padding                    0x080073c4   Section        0  printfa.o(i._printf_pre_padding)
    _printf_pre_padding                      0x080073c5   Thumb Code    46  printfa.o(i._printf_pre_padding)
    i.atan                                   0x080073f4   Section        0  atan.o(i.atan)
    i.atan2                                  0x08007614   Section        0  atan2.o(i.atan2)
    i.fputc                                  0x08007794   Section        0  drv_hal.o(i.fputc)
    i.free                                   0x080077c8   Section        0  malloc.o(i.free)
    i.main                                   0x08007818   Section        0  main.o(i.main)
    i.malloc                                 0x0800782c   Section        0  malloc.o(i.malloc)
    i.strtof                                 0x08007898   Section        0  strtof.o(i.strtof)
    .constdata                               0x080078ba   Section     2072  ocd_oled.o(.constdata)
    .constdata                               0x080080d2   Section       24  system_stm32f1xx.o(.constdata)
    .constdata                               0x080080f0   Section      152  atan.o(.constdata)
    atanhi                                   0x080080f0   Data          32  atan.o(.constdata)
    atanlo                                   0x08008110   Data          32  atan.o(.constdata)
    aTodd                                    0x08008130   Data          40  atan.o(.constdata)
    aTeven                                   0x08008158   Data          48  atan.o(.constdata)
    .constdata                               0x08008188   Section        8  qnan.o(.constdata)
    .constdata                               0x08008190   Section       64  ctype_c.o(.constdata)
    .data                                    0x20000000   Section       14  usercode.o(.data)
    s_ucpCheckCache                          0x20000000   Data           4  usercode.o(.data)
    .data                                    0x20000010   Section     1132  config.o(.data)
    s_ucpCheckCache                          0x20000010   Data           4  config.o(.data)
    .data                                    0x2000047c   Section        5  task_mpu6050.o(.data)
    s_ucpCheckCache                          0x2000047c   Data           4  task_mpu6050.o(.data)
    .data                                    0x20000484   Section        8  drv_hal.o(.data)
    s_ucpCheckCache                          0x20000484   Data           4  drv_hal.o(.data)
    .data                                    0x2000048c   Section        4  drv_hal_pwm.o(.data)
    s_ucpCheckCache                          0x2000048c   Data           4  drv_hal_pwm.o(.data)
    .data                                    0x20000490   Section        9  stm32f1xx_hal.o(.data)
    .data                                    0x2000049c   Section        4  system_stm32f1xx.o(.data)
    .data                                    0x200004a0   Section        4  mvars.o(.data)
    .data                                    0x200004a4   Section        4  mvars.o(.data)
    .bss                                     0x200004a8   Section      140  usercode.o(.bss)
    HEAP                                     0x20000538   Section     2048  startup_stm32f103xe.o(HEAP)
    STACK                                    0x20000d38   Section     1024  startup_stm32f103xe.o(STACK)

    Global Symbols

    Symbol Name                              Value     Ov Type        Size  Object(Section)

    BuildAttributes$$THM_ISAv4$P$D$K$B$S$PE$A:L22UL41UL21$X:L11$S22US41US21$IEEE1$IW$USESV6$~STKCKD$USESV7$~SHL$OTIME$ROPI$IEEEX$EBA8$MICROLIB$REQ8$PRES8$EABIv2 0x00000000   Number         0  anon$$obj.o ABSOLUTE
    __ARM_use_no_argv                        0x00000000   Number         0  main.o ABSOLUTE
    __use_no_errno                           0x00000000   Number         0  useno.o ABSOLUTE
    __use_no_exception_handling              0x00000000   Number         0  useno.o ABSOLUTE
    __use_no_fp                              0x00000000   Number         0  useno.o ABSOLUTE
    __use_no_heap                            0x00000000   Number         0  useno.o ABSOLUTE
    __use_no_heap_region                     0x00000000   Number         0  useno.o ABSOLUTE
    __use_no_semihosting                     0x00000000   Number         0  useno.o ABSOLUTE
    __use_no_semihosting_swi                 0x00000000   Number         0  useno.o ABSOLUTE
    __use_no_signal_handling                 0x00000000   Number         0  useno.o ABSOLUTE
    _printf_a                                0x00000000   Number         0  stubs.o ABSOLUTE
    _printf_c                                0x00000000   Number         0  stubs.o ABSOLUTE
    _printf_charcount                        0x00000000   Number         0  stubs.o ABSOLUTE
    _printf_d                                0x00000000   Number         0  stubs.o ABSOLUTE
    _printf_e                                0x00000000   Number         0  stubs.o ABSOLUTE
    _printf_f                                0x00000000   Number         0  stubs.o ABSOLUTE
    _printf_flags                            0x00000000   Number         0  stubs.o ABSOLUTE
    _printf_fp_dec                           0x00000000   Number         0  stubs.o ABSOLUTE
    _printf_fp_hex                           0x00000000   Number         0  stubs.o ABSOLUTE
    _printf_g                                0x00000000   Number         0  stubs.o ABSOLUTE
    _printf_i                                0x00000000   Number         0  stubs.o ABSOLUTE
    _printf_int_dec                          0x00000000   Number         0  stubs.o ABSOLUTE
    _printf_l                                0x00000000   Number         0  stubs.o ABSOLUTE
    _printf_lc                               0x00000000   Number         0  stubs.o ABSOLUTE
    _printf_ll                               0x00000000   Number         0  stubs.o ABSOLUTE
    _printf_lld                              0x00000000   Number         0  stubs.o ABSOLUTE
    _printf_lli                              0x00000000   Number         0  stubs.o ABSOLUTE
    _printf_llo                              0x00000000   Number         0  stubs.o ABSOLUTE
    _printf_llu                              0x00000000   Number         0  stubs.o ABSOLUTE
    _printf_llx                              0x00000000   Number         0  stubs.o ABSOLUTE
    _printf_longlong_dec                     0x00000000   Number         0  stubs.o ABSOLUTE
    _printf_longlong_hex                     0x00000000   Number         0  stubs.o ABSOLUTE
    _printf_longlong_oct                     0x00000000   Number         0  stubs.o ABSOLUTE
    _printf_ls                               0x00000000   Number         0  stubs.o ABSOLUTE
    _printf_mbtowc                           0x00000000   Number         0  stubs.o ABSOLUTE
    _printf_n                                0x00000000   Number         0  stubs.o ABSOLUTE
    _printf_o                                0x00000000   Number         0  stubs.o ABSOLUTE
    _printf_p                                0x00000000   Number         0  stubs.o ABSOLUTE
    _printf_percent                          0x00000000   Number         0  stubs.o ABSOLUTE
    _printf_pre_padding                      0x00000000   Number         0  stubs.o ABSOLUTE
    _printf_return_value                     0x00000000   Number         0  stubs.o ABSOLUTE
    _printf_s                                0x00000000   Number         0  stubs.o ABSOLUTE
    _printf_sizespec                         0x00000000   Number         0  stubs.o ABSOLUTE
    _printf_str                              0x00000000   Number         0  stubs.o ABSOLUTE
    _printf_truncate_signed                  0x00000000   Number         0  stubs.o ABSOLUTE
    _printf_truncate_unsigned                0x00000000   Number         0  stubs.o ABSOLUTE
    _printf_u                                0x00000000   Number         0  stubs.o ABSOLUTE
    _printf_wc                               0x00000000   Number         0  stubs.o ABSOLUTE
    _printf_wctomb                           0x00000000   Number         0  stubs.o ABSOLUTE
    _printf_widthprec                        0x00000000   Number         0  stubs.o ABSOLUTE
    _printf_x                                0x00000000   Number         0  stubs.o ABSOLUTE
    __cpp_initialize__aeabi_                  - Undefined Weak Reference
    __cxa_finalize                            - Undefined Weak Reference
    _clock_init                               - Undefined Weak Reference
    _microlib_exit                            - Undefined Weak Reference
    _scanf_int                                - Undefined Weak Reference
    _scanf_longlong                           - Undefined Weak Reference
    __Vectors_Size                           0x00000130   Number         0  startup_stm32f103xe.o ABSOLUTE
    __Vectors                                0x08000000   Data           4  startup_stm32f103xe.o(RESET)
    __Vectors_End                            0x08000130   Data           0  startup_stm32f103xe.o(RESET)
    __main                                   0x08000131   Thumb Code     0  entry.o(.ARM.Collect$$$$00000000)
    _main_stk                                0x08000131   Thumb Code     0  entry2.o(.ARM.Collect$$$$00000001)
    _main_scatterload                        0x08000135   Thumb Code     0  entry5.o(.ARM.Collect$$$$00000004)
    __main_after_scatterload                 0x08000139   Thumb Code     0  entry5.o(.ARM.Collect$$$$00000004)
    _main_clock                              0x08000139   Thumb Code     0  entry7b.o(.ARM.Collect$$$$00000008)
    _main_cpp_init                           0x08000139   Thumb Code     0  entry8b.o(.ARM.Collect$$$$0000000A)
    _main_init                               0x08000139   Thumb Code     0  entry9a.o(.ARM.Collect$$$$0000000B)
    __rt_final_cpp                           0x08000141   Thumb Code     0  entry10a.o(.ARM.Collect$$$$0000000D)
    __rt_final_exit                          0x08000141   Thumb Code     0  entry11a.o(.ARM.Collect$$$$0000000F)
    Reset_Handler                            0x08000145   Thumb Code     8  startup_stm32f103xe.o(.text)
    ADC1_2_IRQHandler                        0x0800015f   Thumb Code     0  startup_stm32f103xe.o(.text)
    ADC3_IRQHandler                          0x0800015f   Thumb Code     0  startup_stm32f103xe.o(.text)
    CAN1_RX1_IRQHandler                      0x0800015f   Thumb Code     0  startup_stm32f103xe.o(.text)
    CAN1_SCE_IRQHandler                      0x0800015f   Thumb Code     0  startup_stm32f103xe.o(.text)
    DMA1_Channel1_IRQHandler                 0x0800015f   Thumb Code     0  startup_stm32f103xe.o(.text)
    DMA1_Channel3_IRQHandler                 0x0800015f   Thumb Code     0  startup_stm32f103xe.o(.text)
    DMA1_Channel4_IRQHandler                 0x0800015f   Thumb Code     0  startup_stm32f103xe.o(.text)
    DMA1_Channel5_IRQHandler                 0x0800015f   Thumb Code     0  startup_stm32f103xe.o(.text)
    DMA1_Channel6_IRQHandler                 0x0800015f   Thumb Code     0  startup_stm32f103xe.o(.text)
    DMA1_Channel7_IRQHandler                 0x0800015f   Thumb Code     0  startup_stm32f103xe.o(.text)
    DMA2_Channel1_IRQHandler                 0x0800015f   Thumb Code     0  startup_stm32f103xe.o(.text)
    DMA2_Channel2_IRQHandler                 0x0800015f   Thumb Code     0  startup_stm32f103xe.o(.text)
    DMA2_Channel3_IRQHandler                 0x0800015f   Thumb Code     0  startup_stm32f103xe.o(.text)
    DMA2_Channel4_5_IRQHandler               0x0800015f   Thumb Code     0  startup_stm32f103xe.o(.text)
    EXTI0_IRQHandler                         0x0800015f   Thumb Code     0  startup_stm32f103xe.o(.text)
    EXTI1_IRQHandler                         0x0800015f   Thumb Code     0  startup_stm32f103xe.o(.text)
    EXTI2_IRQHandler                         0x0800015f   Thumb Code     0  startup_stm32f103xe.o(.text)
    EXTI3_IRQHandler                         0x0800015f   Thumb Code     0  startup_stm32f103xe.o(.text)
    EXTI4_IRQHandler                         0x0800015f   Thumb Code     0  startup_stm32f103xe.o(.text)
    FLASH_IRQHandler                         0x0800015f   Thumb Code     0  startup_stm32f103xe.o(.text)
    FSMC_IRQHandler                          0x0800015f   Thumb Code     0  startup_stm32f103xe.o(.text)
    I2C1_ER_IRQHandler                       0x0800015f   Thumb Code     0  startup_stm32f103xe.o(.text)
    I2C1_EV_IRQHandler                       0x0800015f   Thumb Code     0  startup_stm32f103xe.o(.text)
    I2C2_ER_IRQHandler                       0x0800015f   Thumb Code     0  startup_stm32f103xe.o(.text)
    I2C2_EV_IRQHandler                       0x0800015f   Thumb Code     0  startup_stm32f103xe.o(.text)
    PVD_IRQHandler                           0x0800015f   Thumb Code     0  startup_stm32f103xe.o(.text)
    RCC_IRQHandler                           0x0800015f   Thumb Code     0  startup_stm32f103xe.o(.text)
    RTC_Alarm_IRQHandler                     0x0800015f   Thumb Code     0  startup_stm32f103xe.o(.text)
    RTC_IRQHandler                           0x0800015f   Thumb Code     0  startup_stm32f103xe.o(.text)
    SDIO_IRQHandler                          0x0800015f   Thumb Code     0  startup_stm32f103xe.o(.text)
    SPI1_IRQHandler                          0x0800015f   Thumb Code     0  startup_stm32f103xe.o(.text)
    SPI2_IRQHandler                          0x0800015f   Thumb Code     0  startup_stm32f103xe.o(.text)
    SPI3_IRQHandler                          0x0800015f   Thumb Code     0  startup_stm32f103xe.o(.text)
    TAMPER_IRQHandler                        0x0800015f   Thumb Code     0  startup_stm32f103xe.o(.text)
    TIM1_BRK_IRQHandler                      0x0800015f   Thumb Code     0  startup_stm32f103xe.o(.text)
    TIM1_CC_IRQHandler                       0x0800015f   Thumb Code     0  startup_stm32f103xe.o(.text)
    TIM1_TRG_COM_IRQHandler                  0x0800015f   Thumb Code     0  startup_stm32f103xe.o(.text)
    TIM1_UP_IRQHandler                       0x0800015f   Thumb Code     0  startup_stm32f103xe.o(.text)
    TIM8_BRK_IRQHandler                      0x0800015f   Thumb Code     0  startup_stm32f103xe.o(.text)
    TIM8_CC_IRQHandler                       0x0800015f   Thumb Code     0  startup_stm32f103xe.o(.text)
    TIM8_TRG_COM_IRQHandler                  0x0800015f   Thumb Code     0  startup_stm32f103xe.o(.text)
    TIM8_UP_IRQHandler                       0x0800015f   Thumb Code     0  startup_stm32f103xe.o(.text)
    USBWakeUp_IRQHandler                     0x0800015f   Thumb Code     0  startup_stm32f103xe.o(.text)
    USB_HP_CAN1_TX_IRQHandler                0x0800015f   Thumb Code     0  startup_stm32f103xe.o(.text)
    USB_LP_CAN1_RX0_IRQHandler               0x0800015f   Thumb Code     0  startup_stm32f103xe.o(.text)
    WWDG_IRQHandler                          0x0800015f   Thumb Code     0  startup_stm32f103xe.o(.text)
    __aeabi_llsr                             0x08000169   Thumb Code    32  llushr.o(.text)
    _ll_ushift_r                             0x08000169   Thumb Code     0  llushr.o(.text)
    __aeabi_memcpy                           0x08000189   Thumb Code    36  memcpya.o(.text)
    __aeabi_memcpy4                          0x08000189   Thumb Code     0  memcpya.o(.text)
    __aeabi_memcpy8                          0x08000189   Thumb Code     0  memcpya.o(.text)
    __aeabi_memset                           0x080001ad   Thumb Code    14  memseta.o(.text)
    __aeabi_memset4                          0x080001ad   Thumb Code     0  memseta.o(.text)
    __aeabi_memset8                          0x080001ad   Thumb Code     0  memseta.o(.text)
    __aeabi_memclr                           0x080001bb   Thumb Code     4  memseta.o(.text)
    __aeabi_memclr4                          0x080001bb   Thumb Code     0  memseta.o(.text)
    __aeabi_memclr8                          0x080001bb   Thumb Code     0  memseta.o(.text)
    _memset$wrapper                          0x080001bf   Thumb Code    18  memseta.o(.text)
    strcmp                                   0x080001d1   Thumb Code    28  strcmp.o(.text)
    calloc                                   0x080001ed   Thumb Code    28  calloc.o(.text)
    __0sscanf                                0x08000209   Thumb Code    48  __0sscanf.o(.text)
    _scanf_string                            0x08000241   Thumb Code   224  _scanf_str.o(.text)
    __aeabi_fadd                             0x08000321   Thumb Code   164  fadd.o(.text)
    __aeabi_fsub                             0x080003c5   Thumb Code     6  fadd.o(.text)
    __aeabi_frsub                            0x080003cb   Thumb Code     6  fadd.o(.text)
    __aeabi_fmul                             0x080003d1   Thumb Code   100  fmul.o(.text)
    __aeabi_fdiv                             0x08000435   Thumb Code   124  fdiv.o(.text)
    __aeabi_dadd                             0x080004b1   Thumb Code   322  dadd.o(.text)
    __aeabi_dsub                             0x080005f3   Thumb Code     6  dadd.o(.text)
    __aeabi_drsub                            0x080005f9   Thumb Code     6  dadd.o(.text)
    __aeabi_dmul                             0x080005ff   Thumb Code   228  dmul.o(.text)
    __aeabi_ddiv                             0x080006e3   Thumb Code   222  ddiv.o(.text)
    __aeabi_i2f                              0x080007c1   Thumb Code    18  fflti.o(.text)
    __aeabi_ui2f                             0x080007d3   Thumb Code    10  ffltui.o(.text)
    __aeabi_f2iz                             0x080007dd   Thumb Code    50  ffixi.o(.text)
    __aeabi_f2uiz                            0x0800080f   Thumb Code    40  ffixui.o(.text)
    __aeabi_f2d                              0x08000837   Thumb Code    38  f2d.o(.text)
    __aeabi_cdrcmple                         0x0800085d   Thumb Code    48  cdrcmple.o(.text)
    __aeabi_d2f                              0x0800088d   Thumb Code    56  d2f.o(.text)
    __aeabi_cfcmpeq                          0x080008c5   Thumb Code     0  cfcmple.o(.text)
    __aeabi_cfcmple                          0x080008c5   Thumb Code    20  cfcmple.o(.text)
    __aeabi_cfrcmple                         0x080008d9   Thumb Code    20  cfrcmple.o(.text)
    __aeabi_uidiv                            0x080008ed   Thumb Code     0  uidiv.o(.text)
    __aeabi_uidivmod                         0x080008ed   Thumb Code    44  uidiv.o(.text)
    __aeabi_uldivmod                         0x08000919   Thumb Code    98  uldiv.o(.text)
    __aeabi_llsl                             0x0800097b   Thumb Code    30  llshl.o(.text)
    _ll_shift_l                              0x0800097b   Thumb Code     0  llshl.o(.text)
    __aeabi_lasr                             0x08000999   Thumb Code    36  llsshr.o(.text)
    _ll_sshift_r                             0x08000999   Thumb Code     0  llsshr.o(.text)
    __vfscanf_char                           0x080009c9   Thumb Code    20  scanf_char.o(.text)
    _sgetc                                   0x080009e5   Thumb Code    30  _sgetc.o(.text)
    _sbackspace                              0x08000a03   Thumb Code    34  _sgetc.o(.text)
    __strtod_int                             0x08000a5b   Thumb Code    88  strtod.o(.text)
    __I$use$fp                               0x08000ac1   Thumb Code     0  iusefp.o(.text)
    _float_round                             0x08000ac1   Thumb Code    18  fepilogue.o(.text)
    _float_epilogue                          0x08000ad3   Thumb Code    92  fepilogue.o(.text)
    _double_round                            0x08000b2f   Thumb Code    30  depilogue.o(.text)
    _double_epilogue                         0x08000b4d   Thumb Code   156  depilogue.o(.text)
    __aeabi_d2ulz                            0x08000be9   Thumb Code    48  dfixul.o(.text)
    __scatterload                            0x08000c19   Thumb Code    28  init.o(.text)
    __scatterload_rt2                        0x08000c19   Thumb Code     0  init.o(.text)
    isspace                                  0x08000c3d   Thumb Code    10  isspace_c.o(.text)
    __vfscanf                                0x08000c49   Thumb Code   808  _scanf.o(.text)
    _scanf_real                              0x08001075   Thumb Code     0  scanf_fp.o(.text)
    _scanf_really_real                       0x08001075   Thumb Code   556  scanf_fp.o(.text)
    __ARM_scalbn                             0x080012ad   Thumb Code    46  dscalb.o(.text)
    scalbn                                   0x080012ad   Thumb Code     0  dscalb.o(.text)
    __ctype_lookup                           0x080012dd   Thumb Code    34  ctype_c.o(.text)
    __aeabi_ul2d                             0x08001305   Thumb Code    24  dfltul.o(.text)
    __decompress                             0x0800131d   Thumb Code     0  __dczerorl2.o(.text)
    __decompress1                            0x0800131d   Thumb Code    86  __dczerorl2.o(.text)
    Algo_PID_Calculate                       0x08001373   Thumb Code   262  algo_pid.o(i.Algo_PID_Calculate)
    Algo_PID_Init                            0x08001479   Thumb Code    46  algo_pid.o(i.Algo_PID_Init)
    BusFault_Handler                         0x080014c5   Thumb Code     4  drv_hal.o(i.BusFault_Handler)
    DMA1_Channel2_IRQHandler                 0x080014c9   Thumb Code    10  task_irq.o(i.DMA1_Channel2_IRQHandler)
    DebugMon_Handler                         0x08001505   Thumb Code     2  drv_hal.o(i.DebugMon_Handler)
    Drv_Delay_Ms                             0x08001507   Thumb Code    12  drv_hal_delay.o(i.Drv_Delay_Ms)
    Drv_Delay_Us                             0x08001513   Thumb Code    80  drv_hal_delay.o(i.Drv_Delay_Us)
    Drv_GPIO_Init                            0x08001565   Thumb Code   104  drv_hal_gpio.o(i.Drv_GPIO_Init)
    Drv_GPIO_Reset                           0x080015d9   Thumb Code    18  drv_hal_gpio.o(i.Drv_GPIO_Reset)
    Drv_GPIO_Set                             0x080015eb   Thumb Code    18  drv_hal_gpio.o(i.Drv_GPIO_Set)
    Drv_HAL_Error                            0x080015fd   Thumb Code    24  drv_hal.o(i.Drv_HAL_Error)
    Drv_HAL_IncTick                          0x08001659   Thumb Code    12  drv_hal.o(i.Drv_HAL_IncTick)
    Drv_HAL_Init                             0x08001665   Thumb Code    12  drv_hal.o(i.Drv_HAL_Init)
    Drv_IICSoft_Init                         0x08001671   Thumb Code    14  drv_hal_iic_soft.o(i.Drv_IICSoft_Init)
    Drv_IICSoft_ReadByte                     0x0800167f   Thumb Code    90  drv_hal_iic_soft.o(i.Drv_IICSoft_ReadByte)
    Drv_IICSoft_SendByte                     0x080016d9   Thumb Code    86  drv_hal_iic_soft.o(i.Drv_IICSoft_SendByte)
    Drv_IICSoft_Start                        0x0800172f   Thumb Code    48  drv_hal_iic_soft.o(i.Drv_IICSoft_Start)
    Drv_IICSoft_Stop                         0x0800175f   Thumb Code    48  drv_hal_iic_soft.o(i.Drv_IICSoft_Stop)
    Drv_IICSoft_WaitAck                      0x0800178f   Thumb Code    76  drv_hal_iic_soft.o(i.Drv_IICSoft_WaitAck)
    Drv_PWM_DutyFactorSet                    0x080017dd   Thumb Code   230  drv_hal_pwm.o(i.Drv_PWM_DutyFactorSet)
    Drv_PWM_Init                             0x080018e9   Thumb Code    88  drv_hal_pwm.o(i.Drv_PWM_Init)
    Drv_Timer_Enable                         0x08001945   Thumb Code    12  drv_hal_timer.o(i.Drv_Timer_Enable)
    Drv_Timer_IRQHandler                     0x08001951   Thumb Code    12  drv_hal_timer.o(i.Drv_Timer_IRQHandler)
    Drv_Timer_Init                           0x0800195d   Thumb Code    24  drv_hal_timer.o(i.Drv_Timer_Init)
    Drv_Uart_DMAInit                         0x08001975   Thumb Code   150  drv_hal_uart.o(i.Drv_Uart_DMAInit)
    Drv_Uart_DMA_IRQHandler                  0x08001a0b   Thumb Code    34  drv_hal_uart.o(i.Drv_Uart_DMA_IRQHandler)
    Drv_Uart_DMA_RxHandler                   0x08001a2d   Thumb Code    82  drv_hal_uart.o(i.Drv_Uart_DMA_RxHandler)
    Drv_Uart_DMA_TxHandler                   0x08001a81   Thumb Code   290  drv_hal_uart.o(i.Drv_Uart_DMA_TxHandler)
    Drv_Uart_IRQHandler                      0x08001bad   Thumb Code    12  drv_hal_uart.o(i.Drv_Uart_IRQHandler)
    Drv_Uart_ITInit                          0x08001bb9   Thumb Code    62  drv_hal_uart.o(i.Drv_Uart_ITInit)
    Drv_Uart_Receive_DMA                     0x08001bf7   Thumb Code    52  drv_hal_uart.o(i.Drv_Uart_Receive_DMA)
    Drv_Uart_Transmit_DMA                    0x08001c2b   Thumb Code    40  drv_hal_uart.o(i.Drv_Uart_Transmit_DMA)
    EXTI15_10_IRQHandler                     0x08001c53   Thumb Code     2  task_irq.o(i.EXTI15_10_IRQHandler)
    EXTI9_5_IRQHandler                       0x08001c55   Thumb Code     2  task_irq.o(i.EXTI9_5_IRQHandler)
    HAL_DMA_Abort                            0x08001c57   Thumb Code    86  stm32f1xx_hal_dma.o(i.HAL_DMA_Abort)
    HAL_DMA_Abort_IT                         0x08001cad   Thumb Code   414  stm32f1xx_hal_dma.o(i.HAL_DMA_Abort_IT)
    HAL_DMA_GetState                         0x08001e55   Thumb Code     8  stm32f1xx_hal_dma.o(i.HAL_DMA_GetState)
    HAL_DMA_IRQHandler                       0x08001e5d   Thumb Code   910  stm32f1xx_hal_dma.o(i.HAL_DMA_IRQHandler)
    HAL_DMA_Init                             0x080021f5   Thumb Code   132  stm32f1xx_hal_dma.o(i.HAL_DMA_Init)
    HAL_DMA_Start_IT                         0x08002281   Thumb Code   156  stm32f1xx_hal_dma.o(i.HAL_DMA_Start_IT)
    HAL_Delay                                0x0800231d   Thumb Code    36  stm32f1xx_hal.o(i.HAL_Delay)
    HAL_GPIO_Init                            0x08002345   Thumb Code   792  stm32f1xx_hal_gpio.o(i.HAL_GPIO_Init)
    HAL_GPIO_ReadPin                         0x08002685   Thumb Code    16  stm32f1xx_hal_gpio.o(i.HAL_GPIO_ReadPin)
    HAL_GPIO_WritePin                        0x08002695   Thumb Code    12  stm32f1xx_hal_gpio.o(i.HAL_GPIO_WritePin)
    HAL_GetTick                              0x080026a1   Thumb Code     6  stm32f1xx_hal.o(i.HAL_GetTick)
    HAL_IncTick                              0x080026ad   Thumb Code    16  stm32f1xx_hal.o(i.HAL_IncTick)
    HAL_Init                                 0x080026c5   Thumb Code    34  stm32f1xx_hal.o(i.HAL_Init)
    HAL_InitTick                             0x080026ed   Thumb Code    64  stm32f1xx_hal.o(i.HAL_InitTick)
    HAL_MspInit                              0x08002739   Thumb Code   158  drv_hal.o(i.HAL_MspInit)
    HAL_NVIC_EnableIRQ                       0x080027e1   Thumb Code    32  stm32f1xx_hal_cortex.o(i.HAL_NVIC_EnableIRQ)
    HAL_NVIC_SetPriority                     0x08002801   Thumb Code   124  stm32f1xx_hal_cortex.o(i.HAL_NVIC_SetPriority)
    HAL_NVIC_SetPriorityGrouping             0x0800287d   Thumb Code    32  stm32f1xx_hal_cortex.o(i.HAL_NVIC_SetPriorityGrouping)
    HAL_RCC_ClockConfig                      0x080028a5   Thumb Code   376  stm32f1xx_hal_rcc.o(i.HAL_RCC_ClockConfig)
    HAL_RCC_GetHCLKFreq                      0x08002a31   Thumb Code     6  stm32f1xx_hal_rcc.o(i.HAL_RCC_GetHCLKFreq)
    HAL_RCC_GetPCLK1Freq                     0x08002a3d   Thumb Code    22  stm32f1xx_hal_rcc.o(i.HAL_RCC_GetPCLK1Freq)
    HAL_RCC_GetPCLK2Freq                     0x08002a5d   Thumb Code    22  stm32f1xx_hal_rcc.o(i.HAL_RCC_GetPCLK2Freq)
    HAL_RCC_GetSysClockFreq                  0x08002a7d   Thumb Code   116  stm32f1xx_hal_rcc.o(i.HAL_RCC_GetSysClockFreq)
    HAL_RCC_OscConfig                        0x08002b11   Thumb Code  1114  stm32f1xx_hal_rcc.o(i.HAL_RCC_OscConfig)
    HAL_SYSTICK_Callback                     0x08002f75   Thumb Code     2  stm32f1xx_hal_cortex.o(i.HAL_SYSTICK_Callback)
    HAL_SYSTICK_Config                       0x08002f77   Thumb Code    52  stm32f1xx_hal_cortex.o(i.HAL_SYSTICK_Config)
    HAL_SYSTICK_IRQHandler                   0x08002fab   Thumb Code     8  stm32f1xx_hal_cortex.o(i.HAL_SYSTICK_IRQHandler)
    HAL_TIMEx_BreakCallback                  0x08002fb3   Thumb Code     2  stm32f1xx_hal_tim_ex.o(i.HAL_TIMEx_BreakCallback)
    HAL_TIMEx_CommutCallback                 0x08002fb5   Thumb Code     2  stm32f1xx_hal_tim_ex.o(i.HAL_TIMEx_CommutCallback)
    HAL_TIM_Base_Init                        0x08002fb7   Thumb Code   102  stm32f1xx_hal_tim.o(i.HAL_TIM_Base_Init)
    HAL_TIM_Base_MspInit                     0x0800301d   Thumb Code     2  stm32f1xx_hal_tim.o(i.HAL_TIM_Base_MspInit)
    HAL_TIM_Base_Start_IT                    0x08003021   Thumb Code   122  stm32f1xx_hal_tim.o(i.HAL_TIM_Base_Start_IT)
    HAL_TIM_IC_CaptureCallback               0x080030b1   Thumb Code     2  stm32f1xx_hal_tim.o(i.HAL_TIM_IC_CaptureCallback)
    HAL_TIM_IRQHandler                       0x080030b3   Thumb Code   406  stm32f1xx_hal_tim.o(i.HAL_TIM_IRQHandler)
    HAL_TIM_OC_DelayElapsedCallback          0x08003249   Thumb Code     2  stm32f1xx_hal_tim.o(i.HAL_TIM_OC_DelayElapsedCallback)
    HAL_TIM_PWM_ConfigChannel                0x0800324b   Thumb Code   252  stm32f1xx_hal_tim.o(i.HAL_TIM_PWM_ConfigChannel)
    HAL_TIM_PWM_Init                         0x08003347   Thumb Code   102  stm32f1xx_hal_tim.o(i.HAL_TIM_PWM_Init)
    HAL_TIM_PWM_MspInit                      0x080033ad   Thumb Code     2  stm32f1xx_hal_tim.o(i.HAL_TIM_PWM_MspInit)
    HAL_TIM_PWM_PulseFinishedCallback        0x080033af   Thumb Code     2  stm32f1xx_hal_tim.o(i.HAL_TIM_PWM_PulseFinishedCallback)
    HAL_TIM_PWM_Start                        0x080033b1   Thumb Code   222  stm32f1xx_hal_tim.o(i.HAL_TIM_PWM_Start)
    HAL_TIM_PeriodElapsedCallback            0x080034a5   Thumb Code     2  stm32f1xx_hal_tim.o(i.HAL_TIM_PeriodElapsedCallback)
    HAL_TIM_TriggerCallback                  0x080034a7   Thumb Code     2  stm32f1xx_hal_tim.o(i.HAL_TIM_TriggerCallback)
    HAL_UART_DMAStop                         0x080034a9   Thumb Code   102  stm32f1xx_hal_uart.o(i.HAL_UART_DMAStop)
    HAL_UART_ErrorCallback                   0x0800350f   Thumb Code     2  stm32f1xx_hal_uart.o(i.HAL_UART_ErrorCallback)
    HAL_UART_IRQHandler                      0x08003511   Thumb Code   334  stm32f1xx_hal_uart.o(i.HAL_UART_IRQHandler)
    HAL_UART_Init                            0x08003665   Thumb Code   114  stm32f1xx_hal_uart.o(i.HAL_UART_Init)
    HAL_UART_MspInit                         0x080036d7   Thumb Code     2  stm32f1xx_hal_uart.o(i.HAL_UART_MspInit)
    HAL_UART_Receive_DMA                     0x080036d9   Thumb Code   182  stm32f1xx_hal_uart.o(i.HAL_UART_Receive_DMA)
    HAL_UART_Receive_IT                      0x0800379d   Thumb Code   112  stm32f1xx_hal_uart.o(i.HAL_UART_Receive_IT)
    HAL_UART_RxCpltCallback                  0x0800380d   Thumb Code     2  stm32f1xx_hal_uart.o(i.HAL_UART_RxCpltCallback)
    HAL_UART_RxHalfCpltCallback              0x0800380f   Thumb Code     2  stm32f1xx_hal_uart.o(i.HAL_UART_RxHalfCpltCallback)
    HAL_UART_Transmit_DMA                    0x08003811   Thumb Code   142  stm32f1xx_hal_uart.o(i.HAL_UART_Transmit_DMA)
    HAL_UART_TxCpltCallback                  0x080038ad   Thumb Code    12  task_irq.o(i.HAL_UART_TxCpltCallback)
    HAL_UART_TxHalfCpltCallback              0x080038bd   Thumb Code     2  stm32f1xx_hal_uart.o(i.HAL_UART_TxHalfCpltCallback)
    HardFault_Handler                        0x080038bf   Thumb Code     4  drv_hal.o(i.HardFault_Handler)
    MemManage_Handler                        0x080038c3   Thumb Code     4  drv_hal.o(i.MemManage_Handler)
    Motor_Backward                           0x080038c9   Thumb Code    34  task_motorsys.o(i.Motor_Backward)
    Motor_Forward                            0x080038f1   Thumb Code    34  task_motorsys.o(i.Motor_Forward)
    Motor_SetSpeed                           0x08003919   Thumb Code    40  task_motorsys.o(i.Motor_SetSpeed)
    Motor_Stop                               0x08003945   Thumb Code    34  task_motorsys.o(i.Motor_Stop)
    NMI_Handler                              0x0800396d   Thumb Code     4  drv_hal.o(i.NMI_Handler)
    OCD_MPU6050_DataConversion               0x08003971   Thumb Code   468  ocd_mpu6050.o(i.OCD_MPU6050_DataConversion)
    OCD_MPU6050_GetData                      0x08003b71   Thumb Code   216  ocd_mpu6050.o(i.OCD_MPU6050_GetData)
    OCD_MPU6050_Init                         0x08003c49   Thumb Code   112  ocd_mpu6050.o(i.OCD_MPU6050_Init)
    OCD_OLED_Clear                           0x08003cb9   Thumb Code    74  ocd_oled.o(i.OCD_OLED_Clear)
    OCD_OLED_Init                            0x08003d03   Thumb Code   316  ocd_oled.o(i.OCD_OLED_Init)
    OCD_OLED_SetCursorAddress                0x08003e3f   Thumb Code    50  ocd_oled.o(i.OCD_OLED_SetCursorAddress)
    OCD_OLED_ShowChar                        0x08003e71   Thumb Code   198  ocd_oled.o(i.OCD_OLED_ShowChar)
    OCD_OLED_ShowNum                         0x08003f41   Thumb Code   206  ocd_oled.o(i.OCD_OLED_ShowNum)
    OCD_OLED_ShowString                      0x0800400f   Thumb Code   108  ocd_oled.o(i.OCD_OLED_ShowString)
    PendSV_Handler                           0x0800407b   Thumb Code     2  drv_hal.o(i.PendSV_Handler)
    SVC_Handler                              0x080040a5   Thumb Code     2  drv_hal.o(i.SVC_Handler)
    SysTick_Handler                          0x080060c1   Thumb Code     8  drv_hal.o(i.SysTick_Handler)
    SystemInit                               0x080060c9   Thumb Code     2  system_stm32f1xx.o(i.SystemInit)
    TIM2_IRQHandler                          0x080060cd   Thumb Code    36  task_irq.o(i.TIM2_IRQHandler)
    TIM3_IRQHandler                          0x080060fd   Thumb Code    98  task_irq.o(i.TIM3_IRQHandler)
    TIM4_IRQHandler                          0x08006171   Thumb Code     2  task_irq.o(i.TIM4_IRQHandler)
    TIM5_IRQHandler                          0x08006173   Thumb Code     2  task_irq.o(i.TIM5_IRQHandler)
    TIM6_IRQHandler                          0x08006175   Thumb Code     2  task_irq.o(i.TIM6_IRQHandler)
    TIM7_IRQHandler                          0x08006177   Thumb Code     2  task_irq.o(i.TIM7_IRQHandler)
    TIM_Base_SetConfig                       0x08006179   Thumb Code   134  stm32f1xx_hal_tim.o(i.TIM_Base_SetConfig)
    TIM_CCxChannelCmd                        0x08006215   Thumb Code    34  stm32f1xx_hal_tim.o(i.TIM_CCxChannelCmd)
    TIM_OC2_SetConfig                        0x080062a9   Thumb Code   114  stm32f1xx_hal_tim.o(i.TIM_OC2_SetConfig)
    Task_MPU6050_Init                        0x080063f1   Thumb Code   128  task_mpu6050.o(i.Task_MPU6050_Init)
    Task_Sys_Init                            0x08006489   Thumb Code     8  task_sysinit.o(i.Task_Sys_Init)
    Task_UserInit                            0x08006491   Thumb Code    72  task_userinit.o(i.Task_UserInit)
    UART4_IRQHandler                         0x080064f5   Thumb Code     2  task_irq.o(i.UART4_IRQHandler)
    UART5_IRQHandler                         0x080064f7   Thumb Code     2  task_irq.o(i.UART5_IRQHandler)
    USART1_IRQHandler                        0x08006845   Thumb Code     2  task_irq.o(i.USART1_IRQHandler)
    USART2_IRQHandler                        0x08006847   Thumb Code     2  task_irq.o(i.USART2_IRQHandler)
    USART3_IRQHandler                        0x08006849   Thumb Code    34  task_irq.o(i.USART3_IRQHandler)
    UsageFault_Handler                       0x08006879   Thumb Code     4  drv_hal.o(i.UsageFault_Handler)
    UserLogic_Code                           0x0800687d   Thumb Code   276  usercode.o(i.UserLogic_Code)
    __0printf                                0x080069ed   Thumb Code    22  printfa.o(i.__0printf)
    __1printf                                0x080069ed   Thumb Code     0  printfa.o(i.__0printf)
    __2printf                                0x080069ed   Thumb Code     0  printfa.o(i.__0printf)
    __c89printf                              0x080069ed   Thumb Code     0  printfa.o(i.__0printf)
    printf                                   0x080069ed   Thumb Code     0  printfa.o(i.__0printf)
    __ARM_fpclassify                         0x08006a0d   Thumb Code    40  fpclassify.o(i.__ARM_fpclassify)
    __kernel_poly                            0x08006a6d   Thumb Code   170  poly.o(i.__kernel_poly)
    __mathlib_dbl_infnan                     0x08006b17   Thumb Code     6  dunder.o(i.__mathlib_dbl_infnan)
    __mathlib_dbl_infnan2                    0x08006b1d   Thumb Code     4  dunder.o(i.__mathlib_dbl_infnan2)
    __mathlib_dbl_underflow                  0x08006b21   Thumb Code    10  dunder.o(i.__mathlib_dbl_underflow)
    __scatterload_copy                       0x08006b31   Thumb Code    14  handlers.o(i.__scatterload_copy)
    __scatterload_null                       0x08006b3f   Thumb Code     2  handlers.o(i.__scatterload_null)
    __scatterload_zeroinit                   0x08006b41   Thumb Code    14  handlers.o(i.__scatterload_zeroinit)
    _is_digit                                0x08006cb5   Thumb Code    14  scanf_fp.o(i._is_digit)
    atan                                     0x080073f5   Thumb Code   474  atan.o(i.atan)
    atan2                                    0x08007615   Thumb Code   346  atan2.o(i.atan2)
    fputc                                    0x08007795   Thumb Code    48  drv_hal.o(i.fputc)
    free                                     0x080077c9   Thumb Code    76  malloc.o(i.free)
    main                                     0x08007819   Thumb Code    18  main.o(i.main)
    malloc                                   0x0800782d   Thumb Code    92  malloc.o(i.malloc)
    strtof                                   0x08007899   Thumb Code    34  strtof.o(i.strtof)
    ASCII_6_8                                0x080078ba   Data         552  ocd_oled.o(.constdata)
    ASCII_8_16                               0x08007ae2   Data        1520  ocd_oled.o(.constdata)
    AHBPrescTable                            0x080080d2   Data          16  system_stm32f1xx.o(.constdata)
    APBPrescTable                            0x080080e2   Data           8  system_stm32f1xx.o(.constdata)
    __mathlib_zero                           0x08008188   Data           8  qnan.o(.constdata)
    __ctype_categories                       0x08008190   Data          64  ctype_c.o(.constdata)
    Region$$Table$$Base                      0x080081d0   Number         0  anon$$obj.o(Region$$Table)
    Region$$Table$$Limit                     0x080081f0   Number         0  anon$$obj.o(Region$$Table)
    ID                                       0x20000004   Data           2  usercode.o(.data)
    Speed                                    0x20000008   Data           4  usercode.o(.data)
    Num                                      0x2000000c   Data           1  usercode.o(.data)
    AnalysisNum                              0x2000000d   Data           1  usercode.o(.data)
    tPID_Balance                             0x20000014   Data          80  config.o(.data)
    demoGPIO                                 0x20000064   Data          96  config.o(.data)
    demoUart                                 0x200000c4   Data         296  config.o(.data)
    tOLED                                    0x200001ec   Data          48  config.o(.data)
    tMPU6050                                 0x2000021c   Data         160  config.o(.data)
    PWM                                      0x200002bc   Data         272  config.o(.data)
    tTimer2                                  0x200003cc   Data          80  config.o(.data)
    demoIWDG                                 0x2000041c   Data          16  config.o(.data)
    tTimer3                                  0x2000042c   Data          80  config.o(.data)
    mpu6050_pending                          0x20000480   Data           1  task_mpu6050.o(.data)
    __stdout                                 0x20000488   Data           4  drv_hal.o(.data)
    uwTick                                   0x20000490   Data           4  stm32f1xx_hal.o(.data)
    uwTickPrio                               0x20000494   Data           4  stm32f1xx_hal.o(.data)
    uwTickFreq                               0x20000498   Data           1  stm32f1xx_hal.o(.data)
    SystemCoreClock                          0x2000049c   Data           4  system_stm32f1xx.o(.data)
    __microlib_freelist                      0x200004a0   Data           4  mvars.o(.data)
    __microlib_freelist_initialised          0x200004a4   Data           4  mvars.o(.data)
    ReceBuf                                  0x200004a8   Data         100  usercode.o(.bss)
    Analysis                                 0x2000050c   Data          40  usercode.o(.bss)
    __heap_base                              0x20000538   Data           0  startup_stm32f103xe.o(HEAP)
    __heap_limit                             0x20000d38   Data           0  startup_stm32f103xe.o(HEAP)
    __initial_sp                             0x20001138   Data           0  startup_stm32f103xe.o(STACK)



==============================================================================

Memory Map of the image

  Image Entry point : 0x08000131

  Load Region LR_IROM1 (Base: 0x08000000, Size: 0x00008698, Max: 0x00040000, ABSOLUTE, COMPRESSED[0x00008274])

    Execution Region ER_IROM1 (Exec base: 0x08000000, Load base: 0x08000000, Size: 0x000081f0, Max: 0x00040000, ABSOLUTE)

    Exec Addr    Load Addr    Size         Type   Attr      Idx    E Section Name        Object

    0x08000000   0x08000000   0x00000130   Data   RO         7087    RESET               startup_stm32f103xe.o
    0x08000130   0x08000130   0x00000000   Code   RO         7104  * .ARM.Collect$$$$00000000  mc_w.l(entry.o)
    0x08000130   0x08000130   0x00000004   Code   RO         7481    .ARM.Collect$$$$00000001  mc_w.l(entry2.o)
    0x08000134   0x08000134   0x00000004   Code   RO         7484    .ARM.Collect$$$$00000004  mc_w.l(entry5.o)
    0x08000138   0x08000138   0x00000000   Code   RO         7486    .ARM.Collect$$$$00000008  mc_w.l(entry7b.o)
    0x08000138   0x08000138   0x00000000   Code   RO         7488    .ARM.Collect$$$$0000000A  mc_w.l(entry8b.o)
    0x08000138   0x08000138   0x00000008   Code   RO         7489    .ARM.Collect$$$$0000000B  mc_w.l(entry9a.o)
    0x08000140   0x08000140   0x00000000   Code   RO         7491    .ARM.Collect$$$$0000000D  mc_w.l(entry10a.o)
    0x08000140   0x08000140   0x00000000   Code   RO         7493    .ARM.Collect$$$$0000000F  mc_w.l(entry11a.o)
    0x08000140   0x08000140   0x00000004   Code   RO         7482    .ARM.Collect$$$$00002712  mc_w.l(entry2.o)
    0x08000144   0x08000144   0x00000024   Code   RO         7088    .text               startup_stm32f103xe.o
    0x08000168   0x08000168   0x00000020   Code   RO         7109    .text               mc_w.l(llushr.o)
    0x08000188   0x08000188   0x00000024   Code   RO         7111    .text               mc_w.l(memcpya.o)
    0x080001ac   0x080001ac   0x00000024   Code   RO         7113    .text               mc_w.l(memseta.o)
    0x080001d0   0x080001d0   0x0000001c   Code   RO         7119    .text               mc_w.l(strcmp.o)
    0x080001ec   0x080001ec   0x0000001c   Code   RO         7414    .text               mc_w.l(calloc.o)
    0x08000208   0x08000208   0x00000038   Code   RO         7416    .text               mc_w.l(__0sscanf.o)
    0x08000240   0x08000240   0x000000e0   Code   RO         7418    .text               mc_w.l(_scanf_str.o)
    0x08000320   0x08000320   0x000000b0   Code   RO         7420    .text               mf_w.l(fadd.o)
    0x080003d0   0x080003d0   0x00000064   Code   RO         7422    .text               mf_w.l(fmul.o)
    0x08000434   0x08000434   0x0000007c   Code   RO         7424    .text               mf_w.l(fdiv.o)
    0x080004b0   0x080004b0   0x0000014e   Code   RO         7426    .text               mf_w.l(dadd.o)
    0x080005fe   0x080005fe   0x000000e4   Code   RO         7428    .text               mf_w.l(dmul.o)
    0x080006e2   0x080006e2   0x000000de   Code   RO         7430    .text               mf_w.l(ddiv.o)
    0x080007c0   0x080007c0   0x00000012   Code   RO         7432    .text               mf_w.l(fflti.o)
    0x080007d2   0x080007d2   0x0000000a   Code   RO         7434    .text               mf_w.l(ffltui.o)
    0x080007dc   0x080007dc   0x00000032   Code   RO         7440    .text               mf_w.l(ffixi.o)
    0x0800080e   0x0800080e   0x00000028   Code   RO         7442    .text               mf_w.l(ffixui.o)
    0x08000836   0x08000836   0x00000026   Code   RO         7446    .text               mf_w.l(f2d.o)
    0x0800085c   0x0800085c   0x00000030   Code   RO         7448    .text               mf_w.l(cdrcmple.o)
    0x0800088c   0x0800088c   0x00000038   Code   RO         7450    .text               mf_w.l(d2f.o)
    0x080008c4   0x080008c4   0x00000014   Code   RO         7452    .text               mf_w.l(cfcmple.o)
    0x080008d8   0x080008d8   0x00000014   Code   RO         7454    .text               mf_w.l(cfrcmple.o)
    0x080008ec   0x080008ec   0x0000002c   Code   RO         7495    .text               mc_w.l(uidiv.o)
    0x08000918   0x08000918   0x00000062   Code   RO         7497    .text               mc_w.l(uldiv.o)
    0x0800097a   0x0800097a   0x0000001e   Code   RO         7499    .text               mc_w.l(llshl.o)
    0x08000998   0x08000998   0x00000024   Code   RO         7501    .text               mc_w.l(llsshr.o)
    0x080009bc   0x080009bc   0x00000028   Code   RO         7512    .text               mc_w.l(scanf_char.o)
    0x080009e4   0x080009e4   0x00000040   Code   RO         7514    .text               mc_w.l(_sgetc.o)
    0x08000a24   0x08000a24   0x0000009c   Code   RO         7516    .text               mc_w.l(strtod.o)
    0x08000ac0   0x08000ac0   0x00000000   Code   RO         7518    .text               mc_w.l(iusefp.o)
    0x08000ac0   0x08000ac0   0x0000006e   Code   RO         7519    .text               mf_w.l(fepilogue.o)
    0x08000b2e   0x08000b2e   0x000000ba   Code   RO         7521    .text               mf_w.l(depilogue.o)
    0x08000be8   0x08000be8   0x00000030   Code   RO         7523    .text               mf_w.l(dfixul.o)
    0x08000c18   0x08000c18   0x00000024   Code   RO         7529    .text               mc_w.l(init.o)
    0x08000c3c   0x08000c3c   0x0000000a   Code   RO         7531    .text               mc_w.l(isspace_c.o)
    0x08000c46   0x08000c46   0x00000002   PAD
    0x08000c48   0x08000c48   0x0000032c   Code   RO         7533    .text               mc_w.l(_scanf.o)
    0x08000f74   0x08000f74   0x00000338   Code   RO         7535    .text               mc_w.l(scanf_fp.o)
    0x080012ac   0x080012ac   0x0000002e   Code   RO         7539    .text               mf_w.l(dscalb.o)
    0x080012da   0x080012da   0x00000002   PAD
    0x080012dc   0x080012dc   0x00000028   Code   RO         7541    .text               mc_w.l(ctype_c.o)
    0x08001304   0x08001304   0x00000018   Code   RO         7544    .text               mf_w.l(dfltul.o)
    0x0800131c   0x0800131c   0x00000056   Code   RO         7554    .text               mc_w.l(__dczerorl2.o)
    0x08001372   0x08001372   0x00000106   Code   RO         1769    i.Algo_PID_Calculate  algo_pid.o
    0x08001478   0x08001478   0x0000004c   Code   RO         1771    i.Algo_PID_Init     algo_pid.o
    0x080014c4   0x080014c4   0x00000004   Code   RO         2181    i.BusFault_Handler  drv_hal.o
    0x080014c8   0x080014c8   0x00000010   Code   RO          339    i.DMA1_Channel2_IRQHandler  task_irq.o
    0x080014d8   0x080014d8   0x0000002c   Code   RO         4036    i.DMA_SetConfig     stm32f1xx_hal_dma.o
    0x08001504   0x08001504   0x00000002   Code   RO         2182    i.DebugMon_Handler  drv_hal.o
    0x08001506   0x08001506   0x0000000c   Code   RO         2443    i.Drv_Delay_Ms      drv_hal_delay.o
    0x08001512   0x08001512   0x00000050   Code   RO         2444    i.Drv_Delay_Us      drv_hal_delay.o
    0x08001562   0x08001562   0x00000002   PAD
    0x08001564   0x08001564   0x00000074   Code   RO         2515    i.Drv_GPIO_Init     drv_hal_gpio.o
    0x080015d8   0x080015d8   0x00000012   Code   RO         2519    i.Drv_GPIO_Reset    drv_hal_gpio.o
    0x080015ea   0x080015ea   0x00000012   Code   RO         2520    i.Drv_GPIO_Set      drv_hal_gpio.o
    0x080015fc   0x080015fc   0x0000005c   Code   RO         2183    i.Drv_HAL_Error     drv_hal.o
    0x08001658   0x08001658   0x0000000c   Code   RO         2184    i.Drv_HAL_IncTick   drv_hal.o
    0x08001664   0x08001664   0x0000000c   Code   RO         2185    i.Drv_HAL_Init      drv_hal.o
    0x08001670   0x08001670   0x0000000e   Code   RO         2613    i.Drv_IICSoft_Init  drv_hal_iic_soft.o
    0x0800167e   0x0800167e   0x0000005a   Code   RO         2614    i.Drv_IICSoft_ReadByte  drv_hal_iic_soft.o
    0x080016d8   0x080016d8   0x00000056   Code   RO         2615    i.Drv_IICSoft_SendByte  drv_hal_iic_soft.o
    0x0800172e   0x0800172e   0x00000030   Code   RO         2616    i.Drv_IICSoft_Start  drv_hal_iic_soft.o
    0x0800175e   0x0800175e   0x00000030   Code   RO         2617    i.Drv_IICSoft_Stop  drv_hal_iic_soft.o
    0x0800178e   0x0800178e   0x0000004c   Code   RO         2618    i.Drv_IICSoft_WaitAck  drv_hal_iic_soft.o
    0x080017da   0x080017da   0x00000002   PAD
    0x080017dc   0x080017dc   0x0000010c   Code   RO         2719    i.Drv_PWM_DutyFactorSet  drv_hal_pwm.o
    0x080018e8   0x080018e8   0x0000005c   Code   RO         2721    i.Drv_PWM_Init      drv_hal_pwm.o
    0x08001944   0x08001944   0x0000000c   Code   RO         2933    i.Drv_Timer_Enable  drv_hal_timer.o
    0x08001950   0x08001950   0x0000000c   Code   RO         2934    i.Drv_Timer_IRQHandler  drv_hal_timer.o
    0x0800195c   0x0800195c   0x00000018   Code   RO         2935    i.Drv_Timer_Init    drv_hal_timer.o
    0x08001974   0x08001974   0x00000096   Code   RO         3002    i.Drv_Uart_DMAInit  drv_hal_uart.o
    0x08001a0a   0x08001a0a   0x00000022   Code   RO         3003    i.Drv_Uart_DMA_IRQHandler  drv_hal_uart.o
    0x08001a2c   0x08001a2c   0x00000052   Code   RO         3004    i.Drv_Uart_DMA_RxHandler  drv_hal_uart.o
    0x08001a7e   0x08001a7e   0x00000002   PAD
    0x08001a80   0x08001a80   0x0000012c   Code   RO         3005    i.Drv_Uart_DMA_TxHandler  drv_hal_uart.o
    0x08001bac   0x08001bac   0x0000000c   Code   RO         3006    i.Drv_Uart_IRQHandler  drv_hal_uart.o
    0x08001bb8   0x08001bb8   0x0000003e   Code   RO         3007    i.Drv_Uart_ITInit   drv_hal_uart.o
    0x08001bf6   0x08001bf6   0x00000034   Code   RO         3010    i.Drv_Uart_Receive_DMA  drv_hal_uart.o
    0x08001c2a   0x08001c2a   0x00000028   Code   RO         3013    i.Drv_Uart_Transmit_DMA  drv_hal_uart.o
    0x08001c52   0x08001c52   0x00000002   Code   RO          340    i.EXTI15_10_IRQHandler  task_irq.o
    0x08001c54   0x08001c54   0x00000002   Code   RO          341    i.EXTI9_5_IRQHandler  task_irq.o
    0x08001c56   0x08001c56   0x00000056   Code   RO         4037    i.HAL_DMA_Abort     stm32f1xx_hal_dma.o
    0x08001cac   0x08001cac   0x000001a8   Code   RO         4038    i.HAL_DMA_Abort_IT  stm32f1xx_hal_dma.o
    0x08001e54   0x08001e54   0x00000008   Code   RO         4041    i.HAL_DMA_GetState  stm32f1xx_hal_dma.o
    0x08001e5c   0x08001e5c   0x00000398   Code   RO         4042    i.HAL_DMA_IRQHandler  stm32f1xx_hal_dma.o
    0x080021f4   0x080021f4   0x0000008c   Code   RO         4043    i.HAL_DMA_Init      stm32f1xx_hal_dma.o
    0x08002280   0x08002280   0x0000009c   Code   RO         4047    i.HAL_DMA_Start_IT  stm32f1xx_hal_dma.o
    0x0800231c   0x0800231c   0x00000028   Code   RO         3189    i.HAL_Delay         stm32f1xx_hal.o
    0x08002344   0x08002344   0x00000340   Code   RO         4433    i.HAL_GPIO_Init     stm32f1xx_hal_gpio.o
    0x08002684   0x08002684   0x00000010   Code   RO         4435    i.HAL_GPIO_ReadPin  stm32f1xx_hal_gpio.o
    0x08002694   0x08002694   0x0000000c   Code   RO         4437    i.HAL_GPIO_WritePin  stm32f1xx_hal_gpio.o
    0x080026a0   0x080026a0   0x0000000c   Code   RO         3193    i.HAL_GetTick       stm32f1xx_hal.o
    0x080026ac   0x080026ac   0x00000018   Code   RO         3199    i.HAL_IncTick       stm32f1xx_hal.o
    0x080026c4   0x080026c4   0x00000028   Code   RO         3200    i.HAL_Init          stm32f1xx_hal.o
    0x080026ec   0x080026ec   0x0000004c   Code   RO         3201    i.HAL_InitTick      stm32f1xx_hal.o
    0x08002738   0x08002738   0x000000a8   Code   RO         2191    i.HAL_MspInit       drv_hal.o
    0x080027e0   0x080027e0   0x00000020   Code   RO         3670    i.HAL_NVIC_EnableIRQ  stm32f1xx_hal_cortex.o
    0x08002800   0x08002800   0x0000007c   Code   RO         3676    i.HAL_NVIC_SetPriority  stm32f1xx_hal_cortex.o
    0x0800287c   0x0800287c   0x00000028   Code   RO         3677    i.HAL_NVIC_SetPriorityGrouping  stm32f1xx_hal_cortex.o
    0x080028a4   0x080028a4   0x0000018c   Code   RO         4868    i.HAL_RCC_ClockConfig  stm32f1xx_hal_rcc.o
    0x08002a30   0x08002a30   0x0000000c   Code   RO         4873    i.HAL_RCC_GetHCLKFreq  stm32f1xx_hal_rcc.o
    0x08002a3c   0x08002a3c   0x00000020   Code   RO         4875    i.HAL_RCC_GetPCLK1Freq  stm32f1xx_hal_rcc.o
    0x08002a5c   0x08002a5c   0x00000020   Code   RO         4876    i.HAL_RCC_GetPCLK2Freq  stm32f1xx_hal_rcc.o
    0x08002a7c   0x08002a7c   0x00000094   Code   RO         4877    i.HAL_RCC_GetSysClockFreq  stm32f1xx_hal_rcc.o
    0x08002b10   0x08002b10   0x00000464   Code   RO         4880    i.HAL_RCC_OscConfig  stm32f1xx_hal_rcc.o
    0x08002f74   0x08002f74   0x00000002   Code   RO         3680    i.HAL_SYSTICK_Callback  stm32f1xx_hal_cortex.o
    0x08002f76   0x08002f76   0x00000034   Code   RO         3681    i.HAL_SYSTICK_Config  stm32f1xx_hal_cortex.o
    0x08002faa   0x08002faa   0x00000008   Code   RO         3682    i.HAL_SYSTICK_IRQHandler  stm32f1xx_hal_cortex.o
    0x08002fb2   0x08002fb2   0x00000002   Code   RO         6139    i.HAL_TIMEx_BreakCallback  stm32f1xx_hal_tim_ex.o
    0x08002fb4   0x08002fb4   0x00000002   Code   RO         6140    i.HAL_TIMEx_CommutCallback  stm32f1xx_hal_tim_ex.o
    0x08002fb6   0x08002fb6   0x00000066   Code   RO         5424    i.HAL_TIM_Base_Init  stm32f1xx_hal_tim.o
    0x0800301c   0x0800301c   0x00000002   Code   RO         5426    i.HAL_TIM_Base_MspInit  stm32f1xx_hal_tim.o
    0x0800301e   0x0800301e   0x00000002   PAD
    0x08003020   0x08003020   0x00000090   Code   RO         5429    i.HAL_TIM_Base_Start_IT  stm32f1xx_hal_tim.o
    0x080030b0   0x080030b0   0x00000002   Code   RO         5458    i.HAL_TIM_IC_CaptureCallback  stm32f1xx_hal_tim.o
    0x080030b2   0x080030b2   0x00000196   Code   RO         5472    i.HAL_TIM_IRQHandler  stm32f1xx_hal_tim.o
    0x08003248   0x08003248   0x00000002   Code   RO         5475    i.HAL_TIM_OC_DelayElapsedCallback  stm32f1xx_hal_tim.o
    0x0800324a   0x0800324a   0x000000fc   Code   RO         5496    i.HAL_TIM_PWM_ConfigChannel  stm32f1xx_hal_tim.o
    0x08003346   0x08003346   0x00000066   Code   RO         5499    i.HAL_TIM_PWM_Init  stm32f1xx_hal_tim.o
    0x080033ac   0x080033ac   0x00000002   Code   RO         5501    i.HAL_TIM_PWM_MspInit  stm32f1xx_hal_tim.o
    0x080033ae   0x080033ae   0x00000002   Code   RO         5502    i.HAL_TIM_PWM_PulseFinishedCallback  stm32f1xx_hal_tim.o
    0x080033b0   0x080033b0   0x000000f4   Code   RO         5504    i.HAL_TIM_PWM_Start  stm32f1xx_hal_tim.o
    0x080034a4   0x080034a4   0x00000002   Code   RO         5510    i.HAL_TIM_PeriodElapsedCallback  stm32f1xx_hal_tim.o
    0x080034a6   0x080034a6   0x00000002   Code   RO         5515    i.HAL_TIM_TriggerCallback  stm32f1xx_hal_tim.o
    0x080034a8   0x080034a8   0x00000066   Code   RO         6425    i.HAL_UART_DMAStop  stm32f1xx_hal_uart.o
    0x0800350e   0x0800350e   0x00000002   Code   RO         6427    i.HAL_UART_ErrorCallback  stm32f1xx_hal_uart.o
    0x08003510   0x08003510   0x00000154   Code   RO         6430    i.HAL_UART_IRQHandler  stm32f1xx_hal_uart.o
    0x08003664   0x08003664   0x00000072   Code   RO         6431    i.HAL_UART_Init     stm32f1xx_hal_uart.o
    0x080036d6   0x080036d6   0x00000002   Code   RO         6433    i.HAL_UART_MspInit  stm32f1xx_hal_uart.o
    0x080036d8   0x080036d8   0x000000c4   Code   RO         6435    i.HAL_UART_Receive_DMA  stm32f1xx_hal_uart.o
    0x0800379c   0x0800379c   0x00000070   Code   RO         6436    i.HAL_UART_Receive_IT  stm32f1xx_hal_uart.o
    0x0800380c   0x0800380c   0x00000002   Code   RO         6437    i.HAL_UART_RxCpltCallback  stm32f1xx_hal_uart.o
    0x0800380e   0x0800380e   0x00000002   Code   RO         6438    i.HAL_UART_RxHalfCpltCallback  stm32f1xx_hal_uart.o
    0x08003810   0x08003810   0x0000009c   Code   RO         6440    i.HAL_UART_Transmit_DMA  stm32f1xx_hal_uart.o
    0x080038ac   0x080038ac   0x00000010   Code   RO          342    i.HAL_UART_TxCpltCallback  task_irq.o
    0x080038bc   0x080038bc   0x00000002   Code   RO         6443    i.HAL_UART_TxHalfCpltCallback  stm32f1xx_hal_uart.o
    0x080038be   0x080038be   0x00000004   Code   RO         2192    i.HardFault_Handler  drv_hal.o
    0x080038c2   0x080038c2   0x00000004   Code   RO         2193    i.MemManage_Handler  drv_hal.o
    0x080038c6   0x080038c6   0x00000002   PAD
    0x080038c8   0x080038c8   0x00000028   Code   RO          501    i.Motor_Backward    task_motorsys.o
    0x080038f0   0x080038f0   0x00000028   Code   RO          502    i.Motor_Forward     task_motorsys.o
    0x08003918   0x08003918   0x0000002c   Code   RO          503    i.Motor_SetSpeed    task_motorsys.o
    0x08003944   0x08003944   0x00000028   Code   RO          504    i.Motor_Stop        task_motorsys.o
    0x0800396c   0x0800396c   0x00000004   Code   RO         2194    i.NMI_Handler       drv_hal.o
    0x08003970   0x08003970   0x00000200   Code   RO         1398    i.OCD_MPU6050_DataConversion  ocd_mpu6050.o
    0x08003b70   0x08003b70   0x000000d8   Code   RO         1399    i.OCD_MPU6050_GetData  ocd_mpu6050.o
    0x08003c48   0x08003c48   0x00000070   Code   RO         1400    i.OCD_MPU6050_Init  ocd_mpu6050.o
    0x08003cb8   0x08003cb8   0x0000004a   Code   RO         1094    i.OCD_OLED_Clear    ocd_oled.o
    0x08003d02   0x08003d02   0x0000013c   Code   RO         1097    i.OCD_OLED_Init     ocd_oled.o
    0x08003e3e   0x08003e3e   0x00000032   Code   RO         1099    i.OCD_OLED_SetCursorAddress  ocd_oled.o
    0x08003e70   0x08003e70   0x000000d0   Code   RO         1101    i.OCD_OLED_ShowChar  ocd_oled.o
    0x08003f40   0x08003f40   0x000000ce   Code   RO         1103    i.OCD_OLED_ShowNum  ocd_oled.o
    0x0800400e   0x0800400e   0x0000006c   Code   RO         1104    i.OCD_OLED_ShowString  ocd_oled.o
    0x0800407a   0x0800407a   0x00000002   Code   RO         2195    i.PendSV_Handler    drv_hal.o
    0x0800407c   0x0800407c   0x00000028   Code   RO         4881    i.RCC_Delay         stm32f1xx_hal_rcc.o
    0x080040a4   0x080040a4   0x00000002   Code   RO         2196    i.SVC_Handler       drv_hal.o
    0x080040a6   0x080040a6   0x00000002   PAD
    0x080040a8   0x080040a8   0x000000d0   Code   RO         2523    i.S_GPIO_CLKEnable  drv_hal_gpio.o
    0x08004178   0x08004178   0x000000f2   Code   RO         2525    i.S_GPIO_NVICParamConfig  drv_hal_gpio.o
    0x0800426a   0x0800426a   0x0000000e   Code   RO         2526    i.S_GPIO_ParamConfig  drv_hal_gpio.o
    0x08004278   0x08004278   0x00000066   Code   RO         2197    i.S_HAL_CLKConfig   drv_hal.o
    0x080042de   0x080042de   0x0000000c   Code   RO         2619    i.S_IICSoft_DelayUs  drv_hal_iic_soft.o
    0x080042ea   0x080042ea   0x00000010   Code   RO         2620    i.S_IICSoft_READ_SDA  drv_hal_iic_soft.o
    0x080042fa   0x080042fa   0x00000012   Code   RO         2621    i.S_IICSoft_SCL_H   drv_hal_iic_soft.o
    0x0800430c   0x0800430c   0x00000012   Code   RO         2622    i.S_IICSoft_SCL_L   drv_hal_iic_soft.o
    0x0800431e   0x0800431e   0x00000012   Code   RO         2623    i.S_IICSoft_SDA_H   drv_hal_iic_soft.o
    0x08004330   0x08004330   0x00000026   Code   RO         2624    i.S_IICSoft_SDA_InputMode  drv_hal_iic_soft.o
    0x08004356   0x08004356   0x00000012   Code   RO         2625    i.S_IICSoft_SDA_L   drv_hal_iic_soft.o
    0x08004368   0x08004368   0x00000028   Code   RO         2626    i.S_IICSoft_SDA_OutputMode  drv_hal_iic_soft.o
    0x08004390   0x08004390   0x00000030   Code   RO         2627    i.S_IICSoft_SendAck  drv_hal_iic_soft.o
    0x080043c0   0x080043c0   0x00000030   Code   RO         2628    i.S_IICSoft_SendNAck  drv_hal_iic_soft.o
    0x080043f0   0x080043f0   0x00000056   Code   RO         1401    i.S_MPU6050_Read    ocd_mpu6050.o
    0x08004446   0x08004446   0x00000040   Code   RO         1402    i.S_MPU6050_Write   ocd_mpu6050.o
    0x08004486   0x08004486   0x00000016   Code   RO         1105    i.S_OLED_Pow        ocd_oled.o
    0x0800449c   0x0800449c   0x0000004c   Code   RO         1106    i.S_OLED_WR_Byte    ocd_oled.o
    0x080044e8   0x080044e8   0x000000f4   Code   RO         2722    i.S_PWM_CLKEnable   drv_hal_pwm.o
    0x080045dc   0x080045dc   0x00000234   Code   RO         2723    i.S_PWM_GPIOConfig  drv_hal_pwm.o
    0x08004810   0x08004810   0x00000b88   Code   RO         2724    i.S_PWM_ParamMatch  drv_hal_pwm.o
    0x08005398   0x08005398   0x000000b8   Code   RO         2725    i.S_PWM_PramConfig  drv_hal_pwm.o
    0x08005450   0x08005450   0x00000144   Code   RO         2937    i.S_TIM_CLKEnable   drv_hal_timer.o
    0x08005594   0x08005594   0x000000cc   Code   RO         2938    i.S_TIM_NVICConfig  drv_hal_timer.o
    0x08005660   0x08005660   0x00000168   Code   RO         2939    i.S_TIM_ParamMatch  drv_hal_timer.o
    0x080057c8   0x080057c8   0x0000003c   Code   RO         2940    i.S_TIM_PramConfig  drv_hal_timer.o
    0x08005804   0x08005804   0x00000002   Code   RO         3015    i.S_Uart_CLKConfig  drv_hal_uart.o
    0x08005806   0x08005806   0x00000002   PAD
    0x08005808   0x08005808   0x000000d0   Code   RO         3016    i.S_Uart_CLKEnable  drv_hal_uart.o
    0x080058d8   0x080058d8   0x0000005c   Code   RO         3017    i.S_Uart_DMAParamConfig  drv_hal_uart.o
    0x08005934   0x08005934   0x000000e4   Code   RO         3018    i.S_Uart_DMA_CLKEnable  drv_hal_uart.o
    0x08005a18   0x08005a18   0x00000114   Code   RO         3019    i.S_Uart_DMA_NVICConfig  drv_hal_uart.o
    0x08005b2c   0x08005b2c   0x00000168   Code   RO         3020    i.S_Uart_GPIOConfig  drv_hal_uart.o
    0x08005c94   0x08005c94   0x000000b0   Code   RO         3021    i.S_Uart_NVICConfig  drv_hal_uart.o
    0x08005d44   0x08005d44   0x00000038   Code   RO         3022    i.S_Uart_ParamConfig  drv_hal_uart.o
    0x08005d7c   0x08005d7c   0x00000344   Code   RO         3023    i.S_Uart_ParamMatch  drv_hal_uart.o
    0x080060c0   0x080060c0   0x00000008   Code   RO         2198    i.SysTick_Handler   drv_hal.o
    0x080060c8   0x080060c8   0x00000002   Code   RO         7052    i.SystemInit        system_stm32f1xx.o
    0x080060ca   0x080060ca   0x00000002   PAD
    0x080060cc   0x080060cc   0x00000030   Code   RO          343    i.TIM2_IRQHandler   task_irq.o
    0x080060fc   0x080060fc   0x00000074   Code   RO          344    i.TIM3_IRQHandler   task_irq.o
    0x08006170   0x08006170   0x00000002   Code   RO          345    i.TIM4_IRQHandler   task_irq.o
    0x08006172   0x08006172   0x00000002   Code   RO          346    i.TIM5_IRQHandler   task_irq.o
    0x08006174   0x08006174   0x00000002   Code   RO          347    i.TIM6_IRQHandler   task_irq.o
    0x08006176   0x08006176   0x00000002   Code   RO          348    i.TIM7_IRQHandler   task_irq.o
    0x08006178   0x08006178   0x0000009c   Code   RO         5517    i.TIM_Base_SetConfig  stm32f1xx_hal_tim.o
    0x08006214   0x08006214   0x00000022   Code   RO         5518    i.TIM_CCxChannelCmd  stm32f1xx_hal_tim.o
    0x08006236   0x08006236   0x00000002   PAD
    0x08006238   0x08006238   0x00000070   Code   RO         5530    i.TIM_OC1_SetConfig  stm32f1xx_hal_tim.o
    0x080062a8   0x080062a8   0x0000007c   Code   RO         5531    i.TIM_OC2_SetConfig  stm32f1xx_hal_tim.o
    0x08006324   0x08006324   0x00000078   Code   RO         5532    i.TIM_OC3_SetConfig  stm32f1xx_hal_tim.o
    0x0800639c   0x0800639c   0x00000054   Code   RO         5533    i.TIM_OC4_SetConfig  stm32f1xx_hal_tim.o
    0x080063f0   0x080063f0   0x00000098   Code   RO          546    i.Task_MPU6050_Init  task_mpu6050.o
    0x08006488   0x08006488   0x00000008   Code   RO          449    i.Task_Sys_Init     task_sysinit.o
    0x08006490   0x08006490   0x00000064   Code   RO          475    i.Task_UserInit     task_userinit.o
    0x080064f4   0x080064f4   0x00000002   Code   RO          349    i.UART4_IRQHandler  task_irq.o
    0x080064f6   0x080064f6   0x00000002   Code   RO          350    i.UART5_IRQHandler  task_irq.o
    0x080064f8   0x080064f8   0x00000014   Code   RO         6444    i.UART_DMAAbortOnError  stm32f1xx_hal_uart.o
    0x0800650c   0x0800650c   0x00000050   Code   RO         6445    i.UART_DMAError     stm32f1xx_hal_uart.o
    0x0800655c   0x0800655c   0x00000046   Code   RO         6446    i.UART_DMAReceiveCplt  stm32f1xx_hal_uart.o
    0x080065a2   0x080065a2   0x0000000e   Code   RO         6448    i.UART_DMARxHalfCplt  stm32f1xx_hal_uart.o
    0x080065b0   0x080065b0   0x00000036   Code   RO         6450    i.UART_DMATransmitCplt  stm32f1xx_hal_uart.o
    0x080065e6   0x080065e6   0x0000000e   Code   RO         6452    i.UART_DMATxHalfCplt  stm32f1xx_hal_uart.o
    0x080065f4   0x080065f4   0x00000020   Code   RO         6454    i.UART_EndRxTransfer  stm32f1xx_hal_uart.o
    0x08006614   0x08006614   0x00000020   Code   RO         6455    i.UART_EndTransmit_IT  stm32f1xx_hal_uart.o
    0x08006634   0x08006634   0x00000014   Code   RO         6456    i.UART_EndTxTransfer  stm32f1xx_hal_uart.o
    0x08006648   0x08006648   0x000000a0   Code   RO         6457    i.UART_Receive_IT   stm32f1xx_hal_uart.o
    0x080066e8   0x080066e8   0x000000fc   Code   RO         6458    i.UART_SetConfig    stm32f1xx_hal_uart.o
    0x080067e4   0x080067e4   0x00000060   Code   RO         6459    i.UART_Transmit_IT  stm32f1xx_hal_uart.o
    0x08006844   0x08006844   0x00000002   Code   RO          351    i.USART1_IRQHandler  task_irq.o
    0x08006846   0x08006846   0x00000002   Code   RO          352    i.USART2_IRQHandler  task_irq.o
    0x08006848   0x08006848   0x00000030   Code   RO          353    i.USART3_IRQHandler  task_irq.o
    0x08006878   0x08006878   0x00000004   Code   RO         2199    i.UsageFault_Handler  drv_hal.o
    0x0800687c   0x0800687c   0x00000170   Code   RO          237    i.UserLogic_Code    usercode.o
    0x080069ec   0x080069ec   0x00000020   Code   RO         7358    i.__0printf         mc_w.l(printfa.o)
    0x08006a0c   0x08006a0c   0x00000028   Code   RO         7525    i.__ARM_fpclassify  m_ws.l(fpclassify.o)
    0x08006a34   0x08006a34   0x00000010   Code   RO         3683    i.__NVIC_GetPriorityGrouping  stm32f1xx_hal_cortex.o
    0x08006a44   0x08006a44   0x00000028   Code   RO         3684    i.__NVIC_SetPriority  stm32f1xx_hal_cortex.o
    0x08006a6c   0x08006a6c   0x000000aa   Code   RO         7527    i.__kernel_poly     m_ws.l(poly.o)
    0x08006b16   0x08006b16   0x00000006   Code   RO         7467    i.__mathlib_dbl_infnan  m_ws.l(dunder.o)
    0x08006b1c   0x08006b1c   0x00000004   Code   RO         7468    i.__mathlib_dbl_infnan2  m_ws.l(dunder.o)
    0x08006b20   0x08006b20   0x00000010   Code   RO         7472    i.__mathlib_dbl_underflow  m_ws.l(dunder.o)
    0x08006b30   0x08006b30   0x0000000e   Code   RO         7548    i.__scatterload_copy  mc_w.l(handlers.o)
    0x08006b3e   0x08006b3e   0x00000002   Code   RO         7549    i.__scatterload_null  mc_w.l(handlers.o)
    0x08006b40   0x08006b40   0x0000000e   Code   RO         7550    i.__scatterload_zeroinit  mc_w.l(handlers.o)
    0x08006b4e   0x08006b4e   0x00000002   PAD
    0x08006b50   0x08006b50   0x00000164   Code   RO         7365    i._fp_digits        mc_w.l(printfa.o)
    0x08006cb4   0x08006cb4   0x0000000e   Code   RO         7537    i._is_digit         mc_w.l(scanf_fp.o)
    0x08006cc2   0x08006cc2   0x00000002   PAD
    0x08006cc4   0x08006cc4   0x000006dc   Code   RO         7366    i._printf_core      mc_w.l(printfa.o)
    0x080073a0   0x080073a0   0x00000024   Code   RO         7367    i._printf_post_padding  mc_w.l(printfa.o)
    0x080073c4   0x080073c4   0x0000002e   Code   RO         7368    i._printf_pre_padding  mc_w.l(printfa.o)
    0x080073f2   0x080073f2   0x00000002   PAD
    0x080073f4   0x080073f4   0x00000220   Code   RO         7457    i.atan              m_ws.l(atan.o)
    0x08007614   0x08007614   0x00000180   Code   RO         7093    i.atan2             m_ws.l(atan2.o)
    0x08007794   0x08007794   0x00000034   Code   RO         2201    i.fputc             drv_hal.o
    0x080077c8   0x080077c8   0x00000050   Code   RO         7386    i.free              mc_w.l(malloc.o)
    0x08007818   0x08007818   0x00000012   Code   RO            4    i.main              main.o
    0x0800782a   0x0800782a   0x00000002   PAD
    0x0800782c   0x0800782c   0x0000006c   Code   RO         7387    i.malloc            mc_w.l(malloc.o)
    0x08007898   0x08007898   0x00000022   Code   RO         7101    i.strtof            m_ws.l(strtof.o)
    0x080078ba   0x080078ba   0x00000818   Data   RO         1107    .constdata          ocd_oled.o
    0x080080d2   0x080080d2   0x00000018   Data   RO         7053    .constdata          system_stm32f1xx.o
    0x080080ea   0x080080ea   0x00000006   PAD
    0x080080f0   0x080080f0   0x00000098   Data   RO         7458    .constdata          m_ws.l(atan.o)
    0x08008188   0x08008188   0x00000008   Data   RO         7480    .constdata          m_ws.l(qnan.o)
    0x08008190   0x08008190   0x00000040   Data   RO         7542    .constdata          mc_w.l(ctype_c.o)
    0x080081d0   0x080081d0   0x00000020   Data   RO         7546    Region$$Table       anon$$obj.o


    Execution Region RW_IRAM1 (Exec base: 0x20000000, Load base: 0x080081f0, Size: 0x00001138, Max: 0x0000c000, ABSOLUTE, COMPRESSED[0x00000084])

    Exec Addr    Load Addr    Size         Type   Attr      Idx    E Section Name        Object

    0x20000000   COMPRESSED   0x0000000e   Data   RW          239    .data               usercode.o
    0x2000000e   COMPRESSED   0x00000002   PAD
    0x20000010   COMPRESSED   0x0000046c   Data   RW          292    .data               config.o
    0x2000047c   COMPRESSED   0x00000005   Data   RW          547    .data               task_mpu6050.o
    0x20000481   COMPRESSED   0x00000003   PAD
    0x20000484   COMPRESSED   0x00000008   Data   RW         2203    .data               drv_hal.o
    0x2000048c   COMPRESSED   0x00000004   Data   RW         2726    .data               drv_hal_pwm.o
    0x20000490   COMPRESSED   0x00000009   Data   RW         3207    .data               stm32f1xx_hal.o
    0x20000499   COMPRESSED   0x00000003   PAD
    0x2000049c   COMPRESSED   0x00000004   Data   RW         7054    .data               system_stm32f1xx.o
    0x200004a0   COMPRESSED   0x00000004   Data   RW         7503    .data               mc_w.l(mvars.o)
    0x200004a4   COMPRESSED   0x00000004   Data   RW         7504    .data               mc_w.l(mvars.o)
    0x200004a8        -       0x0000008c   Zero   RW          238    .bss                usercode.o
    0x20000534   COMPRESSED   0x00000004   PAD
    0x20000538        -       0x00000800   Zero   RW         7086    HEAP                startup_stm32f103xe.o
    0x20000d38        -       0x00000400   Zero   RW         7085    STACK               startup_stm32f103xe.o


==============================================================================

Image component sizes


      Code (inc. data)   RO Data    RW Data    ZI Data      Debug   Object Name

       338         30          0          0          0       1497   algo_pid.o
         0          0          0       1132          0        793   config.o
       472         82          0          8          0       8515   drv_hal.o
        92          0          0          0          0       1082   drv_hal_delay.o
       616         36          0          0          0       3496   drv_hal_gpio.o
       636          0          0          0          0       8394   drv_hal_iic_soft.o
      4304       1310          0          4          0       6051   drv_hal_pwm.o
       996        114          0          0          0       4131   drv_hal_timer.o
      2966        266          0          0          0      10534   drv_hal_uart.o
         0          0          0          0          0        564   ff.o
        18          0          0          0          0     493247   main.o
       990         44          0          0          0     397810   ocd_mpu6050.o
      1060         10       2072          0          0       6117   ocd_oled.o
        36          8        304          0       3072        884   startup_stm32f103xe.o
       192         36          0          9          0       6489   stm32f1xx_hal.o
       314         22          0          0          0      30427   stm32f1xx_hal_cortex.o
      1778         28          0          0          0       5757   stm32f1xx_hal_dma.o
       860         40          0          0          0       3307   stm32f1xx_hal_gpio.o
      1784        110          0          0          0       5964   stm32f1xx_hal_rcc.o
      1894        102          0          0          0      12951   stm32f1xx_hal_tim.o
         4          0          0          0          0       1521   stm32f1xx_hal_tim_ex.o
      1874         38          0          0          0      14892   stm32f1xx_hal_uart.o
         2          0         24          4          0       1319   system_stm32f1xx.o
       264         54          0          0          0       6795   task_irq.o
       164         22          0          0          0       1855   task_motorsys.o
       152         24          0          5          0       1138   task_mpu6050.o
         8          0          0          0          0        440   task_sysinit.o
       100         28          0          0          0        488   task_userinit.o
       368         92          0         14        140       1441   usercode.o

    ----------------------------------------------------------------------
     22302       2496       2438       1184       3216    1037899   Object Totals
         0          0         32          0          0          0   (incl. Generated)
        20          0          6          8          4          0   (incl. Padding)

    ----------------------------------------------------------------------

      Code (inc. data)   RO Data    RW Data    ZI Data      Debug   Library Member Name

       544         70        152          0          0        124   atan.o
       384         38          0          0          0        144   atan2.o
        26          6          0          0          0        204   dunder.o
        40          0          0          0          0         68   fpclassify.o
       170          0          0          0          0         96   poly.o
         0          0          8          0          0          0   qnan.o
        34          0          0          0          0         84   strtof.o
        56          8          0          0          0         84   __0sscanf.o
        86          0          0          0          0          0   __dczerorl2.o
       812          4          0          0          0        112   _scanf.o
       224          0          0          0          0         96   _scanf_str.o
        64          0          0          0          0         84   _sgetc.o
        28          0          0          0          0         76   calloc.o
        40          6         64          0          0         68   ctype_c.o
         0          0          0          0          0          0   entry.o
         0          0          0          0          0          0   entry10a.o
         0          0          0          0          0          0   entry11a.o
         8          4          0          0          0          0   entry2.o
         4          0          0          0          0          0   entry5.o
         0          0          0          0          0          0   entry7b.o
         0          0          0          0          0          0   entry8b.o
         8          4          0          0          0          0   entry9a.o
        30          0          0          0          0          0   handlers.o
        36          8          0          0          0         68   init.o
        10          0          0          0          0         68   isspace_c.o
         0          0          0          0          0          0   iusefp.o
        30          0          0          0          0         68   llshl.o
        36          0          0          0          0         68   llsshr.o
        32          0          0          0          0         68   llushr.o
       188         20          0          0          0        160   malloc.o
        36          0          0          0          0         68   memcpya.o
        36          0          0          0          0        108   memseta.o
         0          0          0          8          0          0   mvars.o
      2226         90          0          0          0        444   printfa.o
        40          8          0          0          0         84   scanf_char.o
       838         12          0          0          0        216   scanf_fp.o
        28          0          0          0          0         76   strcmp.o
       156         14          0          0          0        120   strtod.o
        44          0          0          0          0         80   uidiv.o
        98          0          0          0          0         92   uldiv.o
        48          0          0          0          0         68   cdrcmple.o
        20          0          0          0          0         68   cfcmple.o
        20          0          0          0          0         68   cfrcmple.o
        56          0          0          0          0         88   d2f.o
       334          0          0          0          0        148   dadd.o
       222          0          0          0          0        100   ddiv.o
       186          0          0          0          0        176   depilogue.o
        48          0          0          0          0         68   dfixul.o
        24          0          0          0          0         76   dfltul.o
       228          0          0          0          0         96   dmul.o
        46          0          0          0          0         80   dscalb.o
        38          0          0          0          0         68   f2d.o
       176          0          0          0          0        140   fadd.o
       124          0          0          0          0         88   fdiv.o
       110          0          0          0          0        168   fepilogue.o
        50          0          0          0          0         68   ffixi.o
        40          0          0          0          0         68   ffixui.o
        18          0          0          0          0         68   fflti.o
        10          0          0          0          0         68   ffltui.o
       100          0          0          0          0         76   fmul.o

    ----------------------------------------------------------------------
      8300        292        224          8          0       4876   Library Totals
        10          0          0          0          0          0   (incl. Padding)

    ----------------------------------------------------------------------

      Code (inc. data)   RO Data    RW Data    ZI Data      Debug   Library Name

      1198        114        160          0          0        720   m_ws.l
      5194        178         64          8          0       2308   mc_w.l
      1898          0          0          0          0       1848   mf_w.l

    ----------------------------------------------------------------------
      8300        292        224          8          0       4876   Library Totals

    ----------------------------------------------------------------------

==============================================================================


      Code (inc. data)   RO Data    RW Data    ZI Data      Debug   

     30602       2788       2662       1192       3216    1030995   Grand Totals
     30602       2788       2662        132       3216    1030995   ELF Image Totals (compressed)
     30602       2788       2662        132          0          0   ROM Totals

==============================================================================

    Total RO  Size (Code + RO Data)                33264 (  32.48kB)
    Total RW  Size (RW Data + ZI Data)              4408 (   4.30kB)
    Total ROM Size (Code + RO Data + RW Data)      33396 (  32.61kB)

==============================================================================

